Archive member included to satisfy reference by file (symbol)

Generated_Source\PSoC6\pdl\middleware\emWin\libs\GCC\libemWin_nosnts_gcc.a(F16B_1.o)
                              .\CortexM4\ARM_GCC_541\Debug\graphicaldisplay.o (GUI_Font16B_1)
Generated_Source\PSoC6\pdl\middleware\emWin\libs\GCC\libemWin_nosnts_gcc.a(F16B_ASCII.o)
                              Generated_Source\PSoC6\pdl\middleware\emWin\libs\GCC\libemWin_nosnts_gcc.a(F16B_1.o) (GUI_Font16B_ASCII_Prop1)
Generated_Source\PSoC6\pdl\middleware\emWin\libs\GCC\libemWin_nosnts_gcc.a(F24B_1.o)
                              .\CortexM4\ARM_GCC_541\Debug\graphicaldisplay.o (GUI_Font24B_1)
Generated_Source\PSoC6\pdl\middleware\emWin\libs\GCC\libemWin_nosnts_gcc.a(F24B_ASCII.o)
                              Generated_Source\PSoC6\pdl\middleware\emWin\libs\GCC\libemWin_nosnts_gcc.a(F24B_1.o) (GUI_Font24B_ASCII_Prop1)
Generated_Source\PSoC6\pdl\middleware\emWin\libs\GCC\libemWin_nosnts_gcc.a(F32B_1.o)
                              .\CortexM4\ARM_GCC_541\Debug\graphicaldisplay.o (GUI_Font32B_1)
Generated_Source\PSoC6\pdl\middleware\emWin\libs\GCC\libemWin_nosnts_gcc.a(F32B_ASCII.o)
                              Generated_Source\PSoC6\pdl\middleware\emWin\libs\GCC\libemWin_nosnts_gcc.a(F32B_1.o) (GUI_Font32B_ASCII_Prop1)
Generated_Source\PSoC6\pdl\middleware\emWin\libs\GCC\libemWin_nosnts_gcc.a(F6x8.o)
                              .\CortexM4\ARM_GCC_541\Debug\GUIConf.o (GUI_Font6x8)
Generated_Source\PSoC6\pdl\middleware\emWin\libs\GCC\libemWin_nosnts_gcc.a(GUI_2DLib.o)
                              .\CortexM4\ARM_GCC_541\Debug\graphicaldisplay.o (GUI_DrawRect)
Generated_Source\PSoC6\pdl\middleware\emWin\libs\GCC\libemWin_nosnts_gcc.a(GUI_Alloc.o)
                              .\CortexM4\ARM_GCC_541\Debug\GUIConf.o (GUI_ALLOC_AssignMemory)
Generated_Source\PSoC6\pdl\middleware\emWin\libs\GCC\libemWin_nosnts_gcc.a(GUI_CharM.o)
                              Generated_Source\PSoC6\pdl\middleware\emWin\libs\GCC\libemWin_nosnts_gcc.a(F6x8.o) (GUIMONO_DispChar)
Generated_Source\PSoC6\pdl\middleware\emWin\libs\GCC\libemWin_nosnts_gcc.a(GUI_CharP.o)
                              Generated_Source\PSoC6\pdl\middleware\emWin\libs\GCC\libemWin_nosnts_gcc.a(F16B_1.o) (GUIPROP_DispChar)
Generated_Source\PSoC6\pdl\middleware\emWin\libs\GCC\libemWin_nosnts_gcc.a(GUI_Common.o)
                              Generated_Source\PSoC6\pdl\middleware\emWin\libs\GCC\libemWin_nosnts_gcc.a(GUI_CharP.o) (GUI_GetBkColor)
Generated_Source\PSoC6\pdl\middleware\emWin\libs\GCC\libemWin_nosnts_gcc.a(GUI_Core.o)
                              Generated_Source\PSoC6\pdl\middleware\emWin\libs\GCC\libemWin_nosnts_gcc.a(GUI_Common.o) (GUI__apDevice)
Generated_Source\PSoC6\pdl\middleware\emWin\libs\GCC\libemWin_nosnts_gcc.a(GUI_Device.o)
                              .\CortexM4\ARM_GCC_541\Debug\LCDConf.o (GUI_DEVICE_CreateAndLink)
Generated_Source\PSoC6\pdl\middleware\emWin\libs\GCC\libemWin_nosnts_gcc.a(GUI_DispString.o)
                              Generated_Source\PSoC6\pdl\middleware\emWin\libs\GCC\libemWin_nosnts_gcc.a(GUI_Common.o) (GUI_DispString)
Generated_Source\PSoC6\pdl\middleware\emWin\libs\GCC\libemWin_nosnts_gcc.a(GUI_DispStringInRectEx.o)
                              Generated_Source\PSoC6\pdl\middleware\emWin\libs\GCC\libemWin_nosnts_gcc.a(GUI_DispString.o) (GUI_DispStringInRectEx)
Generated_Source\PSoC6\pdl\middleware\emWin\libs\GCC\libemWin_nosnts_gcc.a(GUI_DrawBitmap_565.o)
                              .\CortexM4\ARM_GCC_541\Debug\KS124117-2.o (GUI_BitmapMethodsM565)
Generated_Source\PSoC6\pdl\middleware\emWin\libs\GCC\libemWin_nosnts_gcc.a(GUI_DrawBitmap_A16.o)
                              .\CortexM4\ARM_GCC_541\Debug\Cypress Logo Full Color_PNG_316pixels.o (GUI_BitmapMethodsAM565)
Generated_Source\PSoC6\pdl\middleware\emWin\libs\GCC\libemWin_nosnts_gcc.a(GUI_DrawLib.o)
                              .\CortexM4\ARM_GCC_541\Debug\graphicaldisplay.o (GUI_FillRect)
Generated_Source\PSoC6\pdl\middleware\emWin\libs\GCC\libemWin_nosnts_gcc.a(GUI_DrawLine.o)
                              .\CortexM4\ARM_GCC_541\Debug\main_cm4.o (GUI_DrawLine)
Generated_Source\PSoC6\pdl\middleware\emWin\libs\GCC\libemWin_nosnts_gcc.a(GUI_FillPolygon.o)
                              Generated_Source\PSoC6\pdl\middleware\emWin\libs\GCC\libemWin_nosnts_gcc.a(GUI_DrawLine.o) (GL_FillPolygon)
Generated_Source\PSoC6\pdl\middleware\emWin\libs\GCC\libemWin_nosnts_gcc.a(GUI_OnKey.o)
                              Generated_Source\PSoC6\pdl\middleware\emWin\libs\GCC\libemWin_nosnts_gcc.a(GUI_Common.o) (GUI_GetKey)
Generated_Source\PSoC6\pdl\middleware\emWin\libs\GCC\libemWin_nosnts_gcc.a(GUI_SPLINE.o)
                              .\CortexM4\ARM_GCC_541\Debug\graphicaldisplay.o (GUI_SPLINE_Draw)
Generated_Source\PSoC6\pdl\middleware\emWin\libs\GCC\libemWin_nosnts_gcc.a(GUI_Time.o)
                              .\CortexM4\ARM_GCC_541\Debug\LCDConf.o (GUI_Delay)
[...]
Memory Configuration

Name             Origin             Length             Attributes
ram              0x08024000         0x00023800         xrw
flash            0x10080000         0x00080000         xr
em_eeprom        0x14000000         0x00008000         xr
sflash_user_data 0x16000800         0x00000800         xr
sflash_nar       0x16001a00         0x00000200         xr
sflash_public_key 0x16005a00         0x00000c00         xr
sflash_toc_2     0x16007c00         0x00000200         xr
sflash_rtoc_2    0x16007e00         0x00000200         xr
xip              0x18000000         0x08000000         xr
efuse            0x90700000         0x00100000         r
*default*        0x00000000         0xffffffff

Linker script and memory map

LOAD c:/program files (x86)/cypress/psoc creator/4.3/psoc creator/import/gnu/arm/5.4.1/bin/../lib/gcc/arm-none-eabi/5.4.1/armv7e-m/softfp/crti.o
LOAD c:/program files (x86)/cypress/psoc creator/4.3/psoc creator/import/gnu/arm/5.4.1/bin/../lib/gcc/arm-none-eabi/5.4.1/armv7e-m/softfp/crtbegin.o
LOAD c:/program files (x86)/cypress/psoc creator/4.3/psoc creator/import/gnu/arm/5.4.1/bin/../lib/gcc/arm-none-eabi/5.4.1/../../../../arm-none-eabi/lib/armv7e-m/softfp/crt0.o
START GROUP
LOAD Generated_Source\PSoC6\pdl\middleware\emWin\libs\GCC\libemWin_nosnts_gcc.a
LOAD .\CortexM4\ARM_GCC_541\Debug\KS124117-2.o
LOAD .\CortexM4\ARM_GCC_541\Debug\Cypress Logo Full Color_PNG_316pixels.o
LOAD .\CortexM4\ARM_GCC_541\Debug\startup_psoc6_01_cm4.o
LOAD .\CortexM4\ARM_GCC_541\Debug\main_cm4.o
LOAD .\CortexM4\ARM_GCC_541\Debug\system_psoc6_cm4.o
LOAD .\CortexM4\ARM_GCC_541\Debug\graphicaldisplay.o
LOAD .\CortexM4\ARM_GCC_541\Debug\communication.o
LOAD .\CortexM4\ARM_GCC_541\Debug\commandargparser.o
LOAD .\CortexM4\ARM_GCC_541\Debug\GUIConf.o
LOAD .\CortexM4\ARM_GCC_541\Debug\GUI_X.o
LOAD .\CortexM4\ARM_GCC_541\Debug\LCDConf.o
LOAD .\CortexM4\ARM_GCC_541\Debug\stdio_user.o
LOAD .\CortexM4\ARM_GCC_541\Debug\cyfitter_sysint_cfg.o
LOAD .\CortexM4\ARM_GCC_541\Debug\cymetadata.o
LOAD .\CortexM4\ARM_GCC_541\Debug\GraphicLCDIntf_1.o
LOAD .\CortexM4\ARM_GCC_541\Debug\GraphicLCDIntf_1_PM.o
LOAD .\CortexM4\ARM_GCC_541\Debug\cy_efuse.o
LOAD .\CortexM4\ARM_GCC_541\Debug\cy_flash.o
LOAD .\CortexM4\ARM_GCC_541\Debug\cy_gpio.o
LOAD .\CortexM4\ARM_GCC_541\Debug\cy_ipc_drv.o
LOAD .\CortexM4\ARM_GCC_541\Debug\cy_ipc_sema.o
LOAD .\CortexM4\ARM_GCC_541\Debug\cy_ipc_pipe.o
LOAD .\CortexM4\ARM_GCC_541\Debug\cy_lvd.o
LOAD .\CortexM4\ARM_GCC_541\Debug\cy_profile.o
LOAD .\CortexM4\ARM_GCC_541\Debug\cy_prot.o
LOAD .\CortexM4\ARM_GCC_541\Debug\cy_sysanalog.o
LOAD .\CortexM4\ARM_GCC_541\Debug\cy_sysclk.o
LOAD .\CortexM4\ARM_GCC_541\Debug\cy_sysint.o
LOAD .\CortexM4\ARM_GCC_541\Debug\cy_syslib.o
LOAD .\CortexM4\ARM_GCC_541\Debug\cy_syslib_gcc.o
LOAD .\CortexM4\ARM_GCC_541\Debug\cy_syspm.o
LOAD .\CortexM4\ARM_GCC_541\Debug\cy_systick.o
LOAD .\CortexM4\ARM_GCC_541\Debug\cy_trigmux.o
LOAD .\CortexM4\ARM_GCC_541\Debug\cy_wdt.o
LOAD .\CortexM4\ARM_GCC_541\Debug\cy_device.o
LOAD .\CortexM4\ARM_GCC_541\Debug\cy_dma.o
LOAD .\CortexM4\ARM_GCC_541\Debug\cy_sar.o
LOAD .\CortexM4\ARM_GCC_541\Debug\cy_scb_common.o
LOAD .\CortexM4\ARM_GCC_541\Debug\cy_scb_i2c.o
LOAD .\CortexM4\ARM_GCC_541\Debug\cy_scb_ezi2c.o
LOAD .\CortexM4\ARM_GCC_541\Debug\cy_scb_spi.o
LOAD .\CortexM4\ARM_GCC_541\Debug\cy_scb_uart.o
LOAD .\CortexM4\ARM_GCC_541\Debug\cy_ble_clk.o
LOAD .\CortexM4\ARM_GCC_541\Debug\retarget.o
LOAD .\CortexM4\ARM_GCC_541\Debug\ADC_1.o
LOAD .\CortexM4\ARM_GCC_541\Debug\ADC_1_INT.o
LOAD .\CortexM4\ARM_GCC_541\Debug\ADC_1_INIT.o
LOAD .\CortexM4\ARM_GCC_541\Debug\ADC_1_PM.o
LOAD .\CortexM4\ARM_GCC_541\Debug\DMA_1.o
LOAD .\CortexM4\ARM_GCC_541\Debug\UART_1.o
END GROUP
START GROUP
LOAD c:/program files (x86)/cypress/psoc creator/4.3/psoc creator/import/gnu/arm/5.4.1/bin/../lib/gcc/arm-none-eabi/5.4.1/armv7e-m/softfp\libgcc.a
LOAD c:/program files (x86)/cypress/psoc creator/4.3/psoc creator/import/gnu/arm/5.4.1/bin/../lib/gcc/arm-none-eabi/5.4.1/../../../../arm-none-eabi/lib/armv7e-m/softfp\libg_nano.a
LOAD c:/program files (x86)/cypress/psoc creator/4.3/psoc creator/import/gnu/arm/5.4.1/bin/../lib/gcc/arm-none-eabi/5.4.1/../../../../arm-none-eabi/lib/armv7e-m/softfp\libc_nano.a
END GROUP
START GROUP
LOAD c:/program files (x86)/cypress/psoc creator/4.3/psoc creator/import/gnu/arm/5.4.1/bin/../lib/gcc/arm-none-eabi/5.4.1/armv7e-m/softfp\libgcc.a
LOAD c:/program files (x86)/cypress/psoc creator/4.3/psoc creator/import/gnu/arm/5.4.1/bin/../lib/gcc/arm-none-eabi/5.4.1/../../../../arm-none-eabi/lib/armv7e-m/softfp\libc_nano.a
END GROUP
LOAD c:/program files (x86)/cypress/psoc creator/4.3/psoc creator/import/gnu/arm/5.4.1/bin/../lib/gcc/arm-none-eabi/5.4.1/armv7e-m/softfp/crtend.o
LOAD c:/program files (x86)/cypress/psoc creator/4.3/psoc creator/import/gnu/arm/5.4.1/bin/../lib/gcc/arm-none-eabi/5.4.1/armv7e-m/softfp/crtn.o
START GROUP
LOAD c:/program files (x86)/cypress/psoc creator/4.3/psoc creator/import/gnu/arm/5.4.1/bin/../lib/gcc/arm-none-eabi/5.4.1/armv7e-m/softfp\libgcc.a
LOAD c:/program files (x86)/cypress/psoc creator/4.3/psoc creator/import/gnu/arm/5.4.1/bin/../lib/gcc/arm-none-eabi/5.4.1/../../../../arm-none-eabi/lib/armv7e-m/softfp\libc.a
LOAD c:/program files (x86)/cypress/psoc creator/4.3/psoc creator/import/gnu/arm/5.4.1/bin/../lib/gcc/arm-none-eabi/5.4.1/../../../../arm-none-eabi/lib/armv7e-m/softfp\libnosys.a
END GROUP
START GROUP
LOAD c:/program files (x86)/cypress/psoc creator/4.3/psoc creator/import/gnu/arm/5.4.1/bin/../lib/gcc/arm-none-eabi/5.4.1/armv7e-m/softfp\libgcc.a
LOAD c:/program files (x86)/cypress/psoc creator/4.3/psoc creator/import/gnu/arm/5.4.1/bin/../lib/gcc/arm-none-eabi/5.4.1/../../../../arm-none-eabi/lib/armv7e-m/softfp\libc.a
LOAD c:/program files (x86)/cypress/psoc creator/4.3/psoc creator/import/gnu/arm/5.4.1/bin/../lib/gcc/arm-none-eabi/5.4.1/../../../../arm-none-eabi/lib/armv7e-m/softfp\libm.a
LOAD c:/program files (x86)/cypress/psoc creator/4.3/psoc creator/import/gnu/arm/5.4.1/bin/../lib/gcc/arm-none-eabi/5.4.1/../../../../arm-none-eabi/lib/armv7e-m/softfp\libnosys.a
END GROUP

.text           0x10080000    0x13bb8
                0x10080000                . = ALIGN (0x4)
                0x10080000                __Vectors = .
 *(.vectors)
 .vectors       0x10080000      0x28c .\CortexM4\ARM_GCC_541\Debug\startup_psoc6_01_cm4.o
                0x1008028c                . = ALIGN (0x4)
                0x1008028c                __Vectors_End = .
                0x0000028c                __Vectors_Size = (__Vectors_End - __Vectors)
                0x1008028c                __end__ = .
                0x1008028c                . = ALIGN (0x4)
 *(.text*)
 .text          0x1008028c       0x5c c:/program files (x86)/cypress/psoc creator/4.3/psoc creator/import/gnu/arm/5.4.1/bin/../lib/gcc/arm-none-eabi/5.4.1/armv7e-m/softfp/crtbegin.o
 .text          0x100802e8       0x84 .\CortexM4\ARM_GCC_541\Debug\startup_psoc6_01_cm4.o
                0x100802e8                Cy_OnResetUser
                0x100802ea                Reset_Handler
                0x1008034c                cpuss_interrupts_ipc_6_IRQHandler
                0x1008034c                DebugMon_Handler
                0x1008034c                tcpwm_1_interrupts_11_IRQHandler
                0x1008034c                cpuss_interrupts_ipc_0_IRQHandler
                0x1008034c                tcpwm_1_interrupts_15_IRQHandler
                0x1008034c                ioss_interrupts_gpio_13_IRQHandler
                0x1008034c                tcpwm_1_interrupts_13_IRQHandler
                0x1008034c                cpuss_interrupts_dw1_8_IRQHandler
                0x1008034c                tcpwm_0_interrupts_0_IRQHandler
                0x1008034c                SysTick_Handler
                0x1008034c                cpuss_interrupt_fm_IRQHandler
                0x1008034c                cpuss_interrupts_ipc_7_IRQHandler
                0x1008034c                tcpwm_1_interrupts_14_IRQHandler
                0x1008034c                cpuss_interrupts_dw0_5_IRQHandler
                0x1008034c                tcpwm_1_interrupts_9_IRQHandler
                0x1008034c                cpuss_interrupts_cm0_cti_1_IRQHandler
                0x1008034c                tcpwm_1_interrupts_22_IRQHandler
                0x1008034c                cpuss_interrupts_dw0_4_IRQHandler
                0x1008034c                PendSV_Handler
                0x1008034c                NMI_Handler
                0x1008034c                cpuss_interrupts_dw1_12_IRQHandler
                0x1008034c                tcpwm_1_interrupts_12_IRQHandler
                0x1008034c                smif_interrupt_IRQHandler
                0x1008034c                tcpwm_1_interrupts_2_IRQHandler
                0x1008034c                cpuss_interrupts_ipc_13_IRQHandler
                0x1008034c                udb_interrupts_11_IRQHandler
                0x1008034c                tcpwm_1_interrupts_18_IRQHandler
                0x1008034c                cpuss_interrupts_dw0_11_IRQHandler
                0x1008034c                tcpwm_0_interrupts_2_IRQHandler
                0x1008034c                cpuss_interrupts_dw0_13_IRQHandler
                0x1008034c                udb_interrupts_2_IRQHandler
                0x1008034c                cpuss_interrupts_dw1_7_IRQHandler
                0x1008034c                ioss_interrupts_gpio_1_IRQHandler
                0x1008034c                ioss_interrupts_gpio_7_IRQHandler
                0x1008034c                scb_5_interrupt_IRQHandler
                0x1008034c                udb_interrupts_6_IRQHandler
                0x1008034c                cpuss_interrupts_fault_1_IRQHandler
                0x1008034c                cpuss_interrupts_ipc_4_IRQHandler
                0x1008034c                cpuss_interrupts_ipc_5_IRQHandler
                0x1008034c                cpuss_interrupts_dw1_10_IRQHandler
                0x1008034c                udb_interrupts_0_IRQHandler
                0x1008034c                tcpwm_1_interrupts_6_IRQHandler
                0x1008034c                scb_4_interrupt_IRQHandler
                0x1008034c                pass_interrupt_dacs_IRQHandler
                0x1008034c                ioss_interrupts_gpio_2_IRQHandler
                0x1008034c                cpuss_interrupts_dw1_9_IRQHandler
                0x1008034c                cpuss_interrupts_dw1_13_IRQHandler
                0x1008034c                scb_2_interrupt_IRQHandler
                0x1008034c                cpuss_interrupts_cm0_cti_0_IRQHandler
                0x1008034c                udb_interrupts_5_IRQHandler
                0x1008034c                srss_interrupt_IRQHandler
                0x1008034c                udb_interrupts_12_IRQHandler
                0x1008034c                scb_0_interrupt_IRQHandler
                0x1008034c                csd_interrupt_IRQHandler
                0x1008034c                udb_interrupts_1_IRQHandler
                0x1008034c                profile_interrupt_IRQHandler
                0x1008034c                tcpwm_1_interrupts_1_IRQHandler
                0x1008034c                cpuss_interrupts_ipc_12_IRQHandler
                0x1008034c                tcpwm_1_interrupts_3_IRQHandler
                0x1008034c                tcpwm_0_interrupts_7_IRQHandler
                0x1008034c                cpuss_interrupts_dw1_1_IRQHandler
                0x1008034c                cpuss_interrupts_dw1_0_IRQHandler
                0x1008034c                cpuss_interrupts_dw0_9_IRQHandler
                0x1008034c                lpcomp_interrupt_IRQHandler
                0x1008034c                tcpwm_1_interrupts_23_IRQHandler
                0x1008034c                udb_interrupts_4_IRQHandler
                0x1008034c                tcpwm_1_interrupts_20_IRQHandler
                0x1008034c                ioss_interrupt_gpio_IRQHandler
                0x1008034c                tcpwm_0_interrupts_1_IRQHandler
                0x1008034c                ioss_interrupts_gpio_8_IRQHandler
                0x1008034c                tcpwm_0_interrupts_6_IRQHandler
                0x1008034c                scb_7_interrupt_IRQHandler
                0x1008034c                tcpwm_1_interrupts_7_IRQHandler
                0x1008034c                cpuss_interrupts_ipc_11_IRQHandler
                0x1008034c                udb_interrupts_13_IRQHandler
                0x1008034c                cpuss_interrupts_dw0_15_IRQHandler
                0x1008034c                udb_interrupts_7_IRQHandler
                0x1008034c                cpuss_interrupts_dw1_6_IRQHandler
                0x1008034c                cpuss_interrupt_crypto_IRQHandler
                0x1008034c                scb_1_interrupt_IRQHandler
                0x1008034c                Default_Handler
                0x1008034c                usb_interrupt_hi_IRQHandler
                0x1008034c                tcpwm_1_interrupts_0_IRQHandler
                0x1008034c                udb_interrupts_9_IRQHandler
                0x1008034c                audioss_interrupt_pdm_IRQHandler
                0x1008034c                srss_interrupt_mcwdt_0_IRQHandler
                0x1008034c                scb_3_interrupt_IRQHandler
                0x1008034c                pass_interrupt_ctbs_IRQHandler
                0x1008034c                udb_interrupts_8_IRQHandler
                0x1008034c                ioss_interrupts_gpio_3_IRQHandler
                0x1008034c                scb_6_interrupt_IRQHandler
                0x1008034c                cpuss_interrupts_cm4_cti_0_IRQHandler
                0x1008034c                cpuss_interrupts_dw1_3_IRQHandler
                0x1008034c                pass_interrupt_sar_IRQHandler
                0x1008034c                ioss_interrupts_gpio_0_IRQHandler
                0x1008034c                ioss_interrupts_gpio_14_IRQHandler
                0x1008034c                tcpwm_0_interrupts_4_IRQHandler
                0x1008034c                udb_interrupts_3_IRQHandler
                0x1008034c                tcpwm_0_interrupts_5_IRQHandler
                0x1008034c                cpuss_interrupts_ipc_15_IRQHandler
                0x1008034c                cpuss_interrupts_cm4_cti_1_IRQHandler
                0x1008034c                scb_8_interrupt_IRQHandler
                0x1008034c                srss_interrupt_mcwdt_1_IRQHandler
                0x1008034c                cpuss_interrupts_dw1_2_IRQHandler
                0x1008034c                SVC_Handler
                0x1008034c                cpuss_interrupts_dw1_5_IRQHandler
                0x1008034c                cpuss_interrupts_ipc_1_IRQHandler
                0x1008034c                cpuss_interrupts_dw0_0_IRQHandler
                0x1008034c                ioss_interrupts_gpio_12_IRQHandler
                0x1008034c                cpuss_interrupts_ipc_3_IRQHandler
                0x1008034c                tcpwm_1_interrupts_17_IRQHandler
                0x1008034c                srss_interrupt_backup_IRQHandler
                0x1008034c                bless_interrupt_IRQHandler
                0x1008034c                cpuss_interrupts_ipc_10_IRQHandler
                0x1008034c                cpuss_interrupts_ipc_9_IRQHandler
                0x1008034c                cpuss_interrupts_dw0_14_IRQHandler
                0x1008034c                tcpwm_1_interrupts_4_IRQHandler
                0x1008034c                tcpwm_0_interrupts_3_IRQHandler
                0x1008034c                cpuss_interrupts_dw1_15_IRQHandler
                0x1008034c                ioss_interrupts_gpio_10_IRQHandler
                0x1008034c                udb_interrupts_10_IRQHandler
                0x1008034c                cpuss_interrupts_dw0_8_IRQHandler
                0x1008034c                ioss_interrupts_gpio_11_IRQHandler
                0x1008034c                cpuss_interrupts_ipc_14_IRQHandler
                0x1008034c                ioss_interrupts_gpio_5_IRQHandler
                0x1008034c                ioss_interrupts_gpio_4_IRQHandler
                0x1008034c                tcpwm_1_interrupts_8_IRQHandler
                0x1008034c                cpuss_interrupts_dw1_14_IRQHandler
                0x1008034c                usb_interrupt_med_IRQHandler
                0x1008034c                cpuss_interrupts_dw0_2_IRQHandler
                0x1008034c                tcpwm_1_interrupts_10_IRQHandler
                0x1008034c                cpuss_interrupts_fault_0_IRQHandler
                0x1008034c                cpuss_interrupts_dw0_12_IRQHandler
                0x1008034c                ioss_interrupts_gpio_6_IRQHandler
                0x1008034c                tcpwm_1_interrupts_21_IRQHandler
                0x1008034c                tcpwm_1_interrupts_16_IRQHandler
                0x1008034c                cpuss_interrupts_dw1_4_IRQHandler
                0x1008034c                udb_interrupts_15_IRQHandler
                0x1008034c                cpuss_interrupts_dw1_11_IRQHandler
                0x1008034c                cpuss_interrupts_dw0_6_IRQHandler
                0x1008034c                ioss_interrupt_vdd_IRQHandler
                0x1008034c                cpuss_interrupts_dw0_7_IRQHandler
                0x1008034c                audioss_interrupt_i2s_IRQHandler
                0x1008034c                tcpwm_1_interrupts_5_IRQHandler
                0x1008034c                cpuss_interrupts_ipc_2_IRQHandler
                0x1008034c                cpuss_interrupts_dw0_10_IRQHandler
                0x1008034c                tcpwm_1_interrupts_19_IRQHandler
                0x1008034c                cpuss_interrupts_dw0_1_IRQHandler
                0x1008034c                ioss_interrupts_gpio_9_IRQHandler
                0x1008034c                usb_interrupt_lo_IRQHandler
                0x1008034c                cpuss_interrupts_ipc_8_IRQHandler
                0x1008034c                udb_interrupts_14_IRQHandler
                0x1008034c                cpuss_interrupts_dw0_3_IRQHandler
                0x10080350                UsageFault_Handler
                0x10080350                HardFault_Handler
                0x10080350                MemManage_Handler
                0x10080350                BusFault_Handler
 .text.DMA_ISR  0x1008036c      0x14c .\CortexM4\ARM_GCC_541\Debug\main_cm4.o
                0x1008036c                DMA_ISR
 .text.KeyBoardISR
                0x100804b8       0xb0 .\CortexM4\ARM_GCC_541\Debug\main_cm4.o
                0x100804b8                KeyBoardISR
 .text.printDMA
                0x10080568       0x70 .\CortexM4\ARM_GCC_541\Debug\main_cm4.o
                0x10080568                printDMA
 .text.Get_Pot_Value
                0x100805d8       0x58 .\CortexM4\ARM_GCC_541\Debug\main_cm4.o
                0x100805d8                Get_Pot_Value
 .text.draw_waves
                0x10080630       0x48 .\CortexM4\ARM_GCC_541\Debug\main_cm4.o
                0x10080630                draw_waves
 .text.calc_PS  0x10080678       0x1c .\CortexM4\ARM_GCC_541\Debug\main_cm4.o
                0x10080678                calc_PS
 .text.main     0x10080694      0x284 .\CortexM4\ARM_GCC_541\Debug\main_cm4.o
                0x10080694                main
 .text.Cy_SysIpcPipeIsrCm4
                0x10080918        0xc .\CortexM4\ARM_GCC_541\Debug\system_psoc6_cm4.o
                0x10080918                Cy_SysIpcPipeIsrCm4
 .text.Cy_SystemInit
                0x10080924        0x4 .\CortexM4\ARM_GCC_541\Debug\system_psoc6_cm4.o
                0x10080924                Cy_SystemInit
 .text.SystemCoreClockUpdate
                0x10080928      0x190 .\CortexM4\ARM_GCC_541\Debug\system_psoc6_cm4.o
                0x10080928                SystemCoreClockUpdate
 .text.SystemInit
                0x10080ab8       0x48 .\CortexM4\ARM_GCC_541\Debug\system_psoc6_cm4.o
                0x10080ab8                SystemInit
 .text.Cy_SystemInitFpuEnable
                0x10080b00       0x28 .\CortexM4\ARM_GCC_541\Debug\system_psoc6_cm4.o
                0x10080b00                Cy_SystemInitFpuEnable
 .text.drawBackground
                0x10080b28       0x4c .\CortexM4\ARM_GCC_541\Debug\graphicaldisplay.o
                0x10080b28                drawBackground
 .text.drawGrid
                0x10080b74       0x78 .\CortexM4\ARM_GCC_541\Debug\graphicaldisplay.o
                0x10080b74                drawGrid
 .text.printFrequency
                0x10080bec       0x60 .\CortexM4\ARM_GCC_541\Debug\graphicaldisplay.o
                0x10080bec                printFrequency
 .text.DMA_init
                0x10080c4c       0xd0 .\CortexM4\ARM_GCC_541\Debug\communication.o
                0x10080c4c                DMA_init
 .text.command_parser
                0x10080d1c      0x1f8 .\CortexM4\ARM_GCC_541\Debug\commandargparser.o
                0x10080d1c                command_parser
 .text.GUI_X_Config
                0x10080f14       0x1c .\CortexM4\ARM_GCC_541\Debug\GUIConf.o
                0x10080f14                GUI_X_Config
 .text.GUI_X_Systick_Intr
                0x10080f30       0x10 .\CortexM4\ARM_GCC_541\Debug\GUI_X.o
                0x10080f30                GUI_X_Systick_Intr
 .text.GUI_X_GetTime
                0x10080f40        0xc .\CortexM4\ARM_GCC_541\Debug\GUI_X.o
                0x10080f40                GUI_X_GetTime
 .text.GUI_X_Delay
                0x10080f4c       0x18 .\CortexM4\ARM_GCC_541\Debug\GUI_X.o
                0x10080f4c                GUI_X_Delay
 .text.GUI_X_Systick_Init
                0x10080f64       0x40 .\CortexM4\ARM_GCC_541\Debug\GUI_X.o
                0x10080f64                GUI_X_Systick_Init
 .text.GUI_X_Init
                0x10080fa4        0x8 .\CortexM4\ARM_GCC_541\Debug\GUI_X.o
                0x10080fa4                GUI_X_Init
 .text._InitController
                0x10080fac      0x1e0 .\CortexM4\ARM_GCC_541\Debug\LCDConf.o
 .text.LCD_X_Config
                0x1008118c       0x94 .\CortexM4\ARM_GCC_541\Debug\LCDConf.o
                0x1008118c                LCD_X_Config
 .text.LCD_X_DisplayDriver
                0x10081220       0x14 .\CortexM4\ARM_GCC_541\Debug\LCDConf.o
                0x10081220                LCD_X_DisplayDriver
 .text.STDIO_PutChar
                0x10081234       0x18 .\CortexM4\ARM_GCC_541\Debug\stdio_user.o
                0x10081234                STDIO_PutChar
 .text.STDIO_GetChar
                0x1008124c       0x1c .\CortexM4\ARM_GCC_541\Debug\stdio_user.o
                0x1008124c                STDIO_GetChar
 .text.GraphicLCDIntf_1_Init
                0x10081268       0x14 .\CortexM4\ARM_GCC_541\Debug\GraphicLCDIntf_1.o
                0x10081268                GraphicLCDIntf_1_Init
 .text.GraphicLCDIntf_1_Start
                0x1008127c       0x18 .\CortexM4\ARM_GCC_541\Debug\GraphicLCDIntf_1.o
                0x1008127c                GraphicLCDIntf_1_Start
 .text.GraphicLCDIntf_1_WriteM8
                0x10081294       0x30 .\CortexM4\ARM_GCC_541\Debug\GraphicLCDIntf_1.o
                0x10081294                GraphicLCDIntf_1_WriteM8
 .text.GraphicLCDIntf_1_Read8
                0x100812c4       0x30 .\CortexM4\ARM_GCC_541\Debug\GraphicLCDIntf_1.o
                0x100812c4                GraphicLCDIntf_1_Read8
 .text.GraphicLCDIntf_1_ReadM8
                0x100812f4       0x1c .\CortexM4\ARM_GCC_541\Debug\GraphicLCDIntf_1.o
                0x100812f4                GraphicLCDIntf_1_ReadM8
 .text.GraphicLCDIntf_1_Write8_A0
                0x10081310       0x20 .\CortexM4\ARM_GCC_541\Debug\GraphicLCDIntf_1.o
                0x10081310                GraphicLCDIntf_1_Write8_A0
 .text.GraphicLCDIntf_1_Write8_A1
                0x10081330       0x20 .\CortexM4\ARM_GCC_541\Debug\GraphicLCDIntf_1.o
                0x10081330                GraphicLCDIntf_1_Write8_A1
 .text.GraphicLCDIntf_1_WriteM8_A1
                0x10081350       0x10 .\CortexM4\ARM_GCC_541\Debug\GraphicLCDIntf_1.o
                0x10081350                GraphicLCDIntf_1_WriteM8_A1
 .text.GraphicLCDIntf_1_Read8_A1
                0x10081360        0xc .\CortexM4\ARM_GCC_541\Debug\GraphicLCDIntf_1.o
                0x10081360                GraphicLCDIntf_1_Read8_A1
 .text.GraphicLCDIntf_1_ReadM8_A1
                0x1008136c       0x10 .\CortexM4\ARM_GCC_541\Debug\GraphicLCDIntf_1.o
                0x1008136c                GraphicLCDIntf_1_ReadM8_A1
 .text.Cy_Flash_ProcessOpcode
                0x1008137c       0xac .\CortexM4\ARM_GCC_541\Debug\cy_flash.o
 .text.Cy_Flash_OperationStatus
                0x10081428       0x5c .\CortexM4\ARM_GCC_541\Debug\cy_flash.o
 .text.Cy_Flash_InitExt
                0x10081484       0x80 .\CortexM4\ARM_GCC_541\Debug\cy_flash.o
                0x10081484                Cy_Flash_InitExt
 .text.Cy_Flash_Init
                0x10081504       0x10 .\CortexM4\ARM_GCC_541\Debug\cy_flash.o
                0x10081504                Cy_Flash_Init
 .text.Cy_IPC_Drv_LockRelease
                0x10081514       0x3c .\CortexM4\ARM_GCC_541\Debug\cy_ipc_drv.o
                0x10081514                Cy_IPC_Drv_LockRelease
 .text.Cy_IPC_Drv_SendMsgWord
                0x10081550       0x3c .\CortexM4\ARM_GCC_541\Debug\cy_ipc_drv.o
                0x10081550                Cy_IPC_Drv_SendMsgWord
 .text.Cy_IPC_Drv_ReadMsgWord
                0x1008158c       0x38 .\CortexM4\ARM_GCC_541\Debug\cy_ipc_drv.o
                0x1008158c                Cy_IPC_Drv_ReadMsgWord
 .text.Cy_IPC_Sema_InitExt
                0x100815c4       0xac .\CortexM4\ARM_GCC_541\Debug\cy_ipc_sema.o
                0x100815c4                Cy_IPC_Sema_InitExt
 .text.Cy_IPC_Sema_Init
                0x10081670       0x64 .\CortexM4\ARM_GCC_541\Debug\cy_ipc_sema.o
                0x10081670                Cy_IPC_Sema_Init
 .text.Cy_IPC_Sema_Clear
                0x100816d4       0x88 .\CortexM4\ARM_GCC_541\Debug\cy_ipc_sema.o
                0x100816d4                Cy_IPC_Sema_Clear
 .text.Cy_IPC_Sema_Status
                0x1008175c       0x40 .\CortexM4\ARM_GCC_541\Debug\cy_ipc_sema.o
                0x1008175c                Cy_IPC_Sema_Status
 .text.Cy_IPC_Pipe_Config
                0x1008179c       0x10 .\CortexM4\ARM_GCC_541\Debug\cy_ipc_pipe.o
                0x1008179c                Cy_IPC_Pipe_Config
 .text.Cy_IPC_Pipe_EndpointInit
                0x100817ac       0xd0 .\CortexM4\ARM_GCC_541\Debug\cy_ipc_pipe.o
                0x100817ac                Cy_IPC_Pipe_EndpointInit
 .text.Cy_IPC_Pipe_Init
                0x1008187c       0xb4 .\CortexM4\ARM_GCC_541\Debug\cy_ipc_pipe.o
                0x1008187c                Cy_IPC_Pipe_Init
 .text.Cy_IPC_Pipe_SendMessage
                0x10081930       0xa4 .\CortexM4\ARM_GCC_541\Debug\cy_ipc_pipe.o
                0x10081930                Cy_IPC_Pipe_SendMessage
 .text.Cy_IPC_Pipe_RegisterCallback
                0x100819d4       0x50 .\CortexM4\ARM_GCC_541\Debug\cy_ipc_pipe.o
                0x100819d4                Cy_IPC_Pipe_RegisterCallback
 .text.Cy_IPC_Pipe_ExecCallback
                0x10081a24       0xbc .\CortexM4\ARM_GCC_541\Debug\cy_ipc_pipe.o
                0x10081a24                Cy_IPC_Pipe_ExecCallback
 .text.Cy_IPC_Pipe_ExecuteCallback
                0x10081ae0       0x2c .\CortexM4\ARM_GCC_541\Debug\cy_ipc_pipe.o
                0x10081ae0                Cy_IPC_Pipe_ExecuteCallback
 .text.Cy_SysInt_SetVector
                0x10081b0c       0x48 .\CortexM4\ARM_GCC_541\Debug\cy_sysint.o
                0x10081b0c                Cy_SysInt_SetVector
 .text.Cy_SysInt_Init
                0x10081b54       0x74 .\CortexM4\ARM_GCC_541\Debug\cy_sysint.o
                0x10081b54                Cy_SysInt_Init
 .text.Cy_SysLib_DelayUs
                0x10081bc8       0x14 .\CortexM4\ARM_GCC_541\Debug\cy_syslib.o
                0x10081bc8                Cy_SysLib_DelayUs
 .text.Cy_SysLib_Halt
                0x10081bdc        0x4 .\CortexM4\ARM_GCC_541\Debug\cy_syslib.o
                0x10081bdc                Cy_SysLib_Halt
 .text.Cy_SysLib_AssertFailed
                0x10081be0       0x1c .\CortexM4\ARM_GCC_541\Debug\cy_syslib.o
                0x10081be0                Cy_SysLib_AssertFailed
 .text.Cy_SysLib_ProcessingFault
                0x10081bfc        0x4 .\CortexM4\ARM_GCC_541\Debug\cy_syslib.o
                0x10081bfc                Cy_SysLib_ProcessingFault
 .text.Cy_SysLib_FaultHandler
                0x10081c00       0xa4 .\CortexM4\ARM_GCC_541\Debug\cy_syslib.o
                0x10081c00                Cy_SysLib_FaultHandler
 *fill*         0x10081ca4        0x4 
 .text          0x10081ca8       0x20 .\CortexM4\ARM_GCC_541\Debug\cy_syslib_gcc.o
                0x10081ca8                Cy_SysLib_DelayCycles
                0x10081cba                Cy_SysLib_EnterCriticalSection
                0x10081cc2                Cy_SysLib_ExitCriticalSection
 .text.Cy_SysTick_ServiceCallbacks
                0x10081cc8       0x2c .\CortexM4\ARM_GCC_541\Debug\cy_systick.o
 .text.Cy_SysTick_Enable
                0x10081cf4       0x18 .\CortexM4\ARM_GCC_541\Debug\cy_systick.o
                0x10081cf4                Cy_SysTick_Enable
 .text.Cy_SysTick_SetClockSource
                0x10081d0c       0x38 .\CortexM4\ARM_GCC_541\Debug\cy_systick.o
                0x10081d0c                Cy_SysTick_SetClockSource
 .text.Cy_SysTick_Init
                0x10081d44       0x44 .\CortexM4\ARM_GCC_541\Debug\cy_systick.o
                0x10081d44                Cy_SysTick_Init
 .text.Cy_SysTick_SetCallback
                0x10081d88       0x1c .\CortexM4\ARM_GCC_541\Debug\cy_systick.o
                0x10081d88                Cy_SysTick_SetCallback
 .text.Cy_SysTick_GetCallback
                0x10081da4       0x14 .\CortexM4\ARM_GCC_541\Debug\cy_systick.o
                0x10081da4                Cy_SysTick_GetCallback
 .text.Cy_PDL_Init
                0x10081db8        0xc .\CortexM4\ARM_GCC_541\Debug\cy_device.o
                0x10081db8                Cy_PDL_Init
 .text.Cy_DMA_Descriptor_Init
                0x10081dc4      0x270 .\CortexM4\ARM_GCC_541\Debug\cy_dma.o
                0x10081dc4                Cy_DMA_Descriptor_Init
 .text.Cy_DMA_Channel_Init
                0x10082034       0xe8 .\CortexM4\ARM_GCC_541\Debug\cy_dma.o
                0x10082034                Cy_DMA_Channel_Init
 .text.Cy_SAR_Init
                0x1008211c      0x200 .\CortexM4\ARM_GCC_541\Debug\cy_sar.o
                0x1008211c                Cy_SAR_Init
 .text.Cy_SAR_DeInit
                0x1008231c       0x70 .\CortexM4\ARM_GCC_541\Debug\cy_sar.o
                0x1008231c                Cy_SAR_DeInit
 .text.Cy_SAR_Enable
                0x1008238c       0x20 .\CortexM4\ARM_GCC_541\Debug\cy_sar.o
                0x1008238c                Cy_SAR_Enable
 .text.Cy_SAR_StartConvert
                0x100823ac       0x2c .\CortexM4\ARM_GCC_541\Debug\cy_sar.o
                0x100823ac                Cy_SAR_StartConvert
 .text.Cy_SAR_IsChannelSingleEnded
                0x100823d8       0x34 .\CortexM4\ARM_GCC_541\Debug\cy_sar.o
                0x100823d8                Cy_SAR_IsChannelSingleEnded
 .text.Cy_SAR_IsChannelSigned
                0x1008240c       0x54 .\CortexM4\ARM_GCC_541\Debug\cy_sar.o
                0x1008240c                Cy_SAR_IsChannelSigned
 .text.Cy_SAR_GetResult32
                0x10082460       0x3c .\CortexM4\ARM_GCC_541\Debug\cy_sar.o
                0x10082460                Cy_SAR_GetResult32
 .text.Cy_SCB_Write
                0x1008249c       0x28 .\CortexM4\ARM_GCC_541\Debug\cy_scb_common.o
                0x1008249c                Cy_SCB_Write
 .text.Cy_SCB_UART_Init
                0x100824c4      0x364 .\CortexM4\ARM_GCC_541\Debug\cy_scb_uart.o
                0x100824c4                Cy_SCB_UART_Init
 .text._write   0x10082828       0x24 .\CortexM4\ARM_GCC_541\Debug\retarget.o
                0x10082828                _write
 .text._read    0x1008284c       0x2c .\CortexM4\ARM_GCC_541\Debug\retarget.o
                0x1008284c                _read
 .text.ADC_1_InitConfig
                0x10082878       0x88 .\CortexM4\ARM_GCC_541\Debug\ADC_1.o
                0x10082878                ADC_1_InitConfig
 .text.ADC_1_StartConvert
                0x10082900       0x24 .\CortexM4\ARM_GCC_541\Debug\ADC_1.o
                0x10082900                ADC_1_StartConvert
 .text.ADC_1_Init
                0x10082924       0x34 .\CortexM4\ARM_GCC_541\Debug\ADC_1.o
                0x10082924                ADC_1_Init
 .text.ADC_1_Start
                0x10082958       0x2c .\CortexM4\ARM_GCC_541\Debug\ADC_1.o
                0x10082958                ADC_1_Start
 .text.ADC_1_ISR
                0x10082984       0x30 .\CortexM4\ARM_GCC_541\Debug\ADC_1_INT.o
                0x10082984                ADC_1_ISR
 .text.UART_1_Start
                0x100829b4       0x34 .\CortexM4\ARM_GCC_541\Debug\UART_1.o
                0x100829b4                UART_1_Start
 .text.GUI_DrawRect
                0x100829e8       0x74 Generated_Source\PSoC6\pdl\middleware\emWin\libs\GCC\libemWin_nosnts_gcc.a(GUI_2DLib.o)
                0x100829e8                GUI_DrawRect
 .text._PushFreeBlock
                0x10082a5c       0x20 Generated_Source\PSoC6\pdl\middleware\emWin\libs\GCC\libemWin_nosnts_gcc.a(GUI_Alloc.o)
 .text._RemoveFreeBlock
                0x10082a7c       0x44 Generated_Source\PSoC6\pdl\middleware\emWin\libs\GCC\libemWin_nosnts_gcc.a(GUI_Alloc.o)
 .text._AddFreeMemory
                0x10082ac0       0xa8 Generated_Source\PSoC6\pdl\middleware\emWin\libs\GCC\libemWin_nosnts_gcc.a(GUI_Alloc.o)
 .text._RemoveHoles
                0x10082b68       0x94 Generated_Source\PSoC6\pdl\middleware\emWin\libs\GCC\libemWin_nosnts_gcc.a(GUI_Alloc.o)
 .text.GUI_ALLOC_FreeFixedBlock
                0x10082bfc       0x18 Generated_Source\PSoC6\pdl\middleware\emWin\libs\GCC\libemWin_nosnts_gcc.a(GUI_Alloc.o)
                0x10082bfc                GUI_ALLOC_FreeFixedBlock
 .text.GUI_ALLOC_h2p
                0x10082c14       0x14 Generated_Source\PSoC6\pdl\middleware\emWin\libs\GCC\libemWin_nosnts_gcc.a(GUI_Alloc.o)
                0x10082c14                GUI_ALLOC_h2p
 .text.GUI_ALLOC_LockH
                0x10082c28       0x20 Generated_Source\PSoC6\pdl\middleware\emWin\libs\GCC\libemWin_nosnts_gcc.a(GUI_Alloc.o)
                0x10082c28                GUI_ALLOC_LockH
 .text.GUI_ALLOC_UnlockH
                0x10082c48       0x30 Generated_Source\PSoC6\pdl\middleware\emWin\libs\GCC\libemWin_nosnts_gcc.a(GUI_Alloc.o)
                0x10082c48                GUI_ALLOC_UnlockH
 .text.GUI_ALLOC_AssignMemory
                0x10082c78       0x10 Generated_Source\PSoC6\pdl\middleware\emWin\libs\GCC\libemWin_nosnts_gcc.a(GUI_Alloc.o)
                0x10082c78                GUI_ALLOC_AssignMemory
 .text.GUI_ALLOC_Free
                0x10082c88       0x24 Generated_Source\PSoC6\pdl\middleware\emWin\libs\GCC\libemWin_nosnts_gcc.a(GUI_Alloc.o)
                0x10082c88                GUI_ALLOC_Free
 .text._EnlargeBlocks
                0x10082cac       0x98 Generated_Source\PSoC6\pdl\middleware\emWin\libs\GCC\libemWin_nosnts_gcc.a(GUI_Alloc.o)
 .text._InitOnce
                0x10082d44       0x6c Generated_Source\PSoC6\pdl\middleware\emWin\libs\GCC\libemWin_nosnts_gcc.a(GUI_Alloc.o)
 .text.GUI_ALLOC_GetFixedBlock
                0x10082db0       0xb8 Generated_Source\PSoC6\pdl\middleware\emWin\libs\GCC\libemWin_nosnts_gcc.a(GUI_Alloc.o)
                0x10082db0                GUI_ALLOC_GetFixedBlock
 .text.GUI_ALLOC_GetMaxSize
                0x10082e68       0x40 Generated_Source\PSoC6\pdl\middleware\emWin\libs\GCC\libemWin_nosnts_gcc.a(GUI_Alloc.o)
                0x10082e68                GUI_ALLOC_GetMaxSize
 .text.GUI_ALLOC_RequestSize
                0x10082ea8       0x2c Generated_Source\PSoC6\pdl\middleware\emWin\libs\GCC\libemWin_nosnts_gcc.a(GUI_Alloc.o)
                0x10082ea8                GUI_ALLOC_RequestSize
 .text._Alloc   0x10082ed4      0x100 Generated_Source\PSoC6\pdl\middleware\emWin\libs\GCC\libemWin_nosnts_gcc.a(GUI_Alloc.o)
 .text.GUI_ALLOC_AllocNoInit
                0x10082fd4       0x12 Generated_Source\PSoC6\pdl\middleware\emWin\libs\GCC\libemWin_nosnts_gcc.a(GUI_Alloc.o)
                0x10082fd4                GUI_ALLOC_AllocNoInit
 *fill*         0x10082fe6        0x2 
 .text.GUI_ALLOC_AllocZero
                0x10082fe8       0x2c Generated_Source\PSoC6\pdl\middleware\emWin\libs\GCC\libemWin_nosnts_gcc.a(GUI_Alloc.o)
                0x10082fe8                GUI_ALLOC_AllocZero
 .text.GUIMONO_DispChar
                0x10083014      0x14c Generated_Source\PSoC6\pdl\middleware\emWin\libs\GCC\libemWin_nosnts_gcc.a(GUI_CharM.o)
                0x10083014                GUIMONO_DispChar
 .text.GUIMONO_GetCharDistX
                0x10083160       0x18 Generated_Source\PSoC6\pdl\middleware\emWin\libs\GCC\libemWin_nosnts_gcc.a(GUI_CharM.o)
                0x10083160                GUIMONO_GetCharDistX
 .text.GUIMONO_GetFontInfo
                0x10083178        0x6 Generated_Source\PSoC6\pdl\middleware\emWin\libs\GCC\libemWin_nosnts_gcc.a(GUI_CharM.o)
                0x10083178                GUIMONO_GetFontInfo
 .text.GUIMONO_IsInFont
                0x1008317e       0x36 Generated_Source\PSoC6\pdl\middleware\emWin\libs\GCC\libemWin_nosnts_gcc.a(GUI_CharM.o)
                0x1008317e                GUIMONO_IsInFont
 .text.GUIPROP__FindChar
                0x100831b4       0x16 Generated_Source\PSoC6\pdl\middleware\emWin\libs\GCC\libemWin_nosnts_gcc.a(GUI_CharP.o)
                0x100831b4                GUIPROP__FindChar
 *fill*         0x100831ca        0x2 
 .text.GUIPROP_DispChar
                0x100831cc       0xd4 Generated_Source\PSoC6\pdl\middleware\emWin\libs\GCC\libemWin_nosnts_gcc.a(GUI_CharP.o)
                0x100831cc                GUIPROP_DispChar
 .text.GUIPROP_GetCharDistX
                0x100832a0       0x38 Generated_Source\PSoC6\pdl\middleware\emWin\libs\GCC\libemWin_nosnts_gcc.a(GUI_CharP.o)
                0x100832a0                GUIPROP_GetCharDistX
 .text.GUIPROP_GetFontInfo
                0x100832d8        0x6 Generated_Source\PSoC6\pdl\middleware\emWin\libs\GCC\libemWin_nosnts_gcc.a(GUI_CharP.o)
                0x100832d8                GUIPROP_GetFontInfo
 .text.GUIPROP_IsInFont
                0x100832de       0x10 Generated_Source\PSoC6\pdl\middleware\emWin\libs\GCC\libemWin_nosnts_gcc.a(GUI_CharP.o)
                0x100832de                GUIPROP_IsInFont
 .text.GUI_CalcColorDist
                0x100832ee       0x54 Generated_Source\PSoC6\pdl\middleware\emWin\libs\GCC\libemWin_nosnts_gcc.a(GUI_Common.o)
                0x100832ee                GUI_CalcColorDist
 .text.GUI_GetBkColor
                0x10083342        0xc Generated_Source\PSoC6\pdl\middleware\emWin\libs\GCC\libemWin_nosnts_gcc.a(GUI_Common.o)
                0x10083342                GUI_GetBkColor
 .text.GUI_GetColor
                0x1008334e        0xc Generated_Source\PSoC6\pdl\middleware\emWin\libs\GCC\libemWin_nosnts_gcc.a(GUI_Common.o)
                0x1008334e                GUI_GetColor
 *fill*         0x1008335a        0x2 
 .text.GUI_GetOrg
                0x1008335c       0x1c Generated_Source\PSoC6\pdl\middleware\emWin\libs\GCC\libemWin_nosnts_gcc.a(GUI_Common.o)
                0x1008335c                GUI_GetOrg
 .text.GUI_MergeRect
                0x10083378       0x62 Generated_Source\PSoC6\pdl\middleware\emWin\libs\GCC\libemWin_nosnts_gcc.a(GUI_Common.o)
                0x10083378                GUI_MergeRect
 .text.GUI_MoveRect
                0x100833da       0x22 Generated_Source\PSoC6\pdl\middleware\emWin\libs\GCC\libemWin_nosnts_gcc.a(GUI_Common.o)
                0x100833da                GUI_MoveRect
 .text.GUI_Exec1
                0x100833fc       0x48 Generated_Source\PSoC6\pdl\middleware\emWin\libs\GCC\libemWin_nosnts_gcc.a(GUI_Common.o)
                0x100833fc                GUI_Exec1
 .text.GUI_Exec
                0x10083444       0x14 Generated_Source\PSoC6\pdl\middleware\emWin\libs\GCC\libemWin_nosnts_gcc.a(GUI_Common.o)
                0x10083444                GUI_Exec
 .text.GUI_GotoXY
                0x10083458       0x10 Generated_Source\PSoC6\pdl\middleware\emWin\libs\GCC\libemWin_nosnts_gcc.a(GUI_Common.o)
                0x10083458                GUI_GotoXY
 .text.GUI_SetPenSize
                0x10083468       0x10 Generated_Source\PSoC6\pdl\middleware\emWin\libs\GCC\libemWin_nosnts_gcc.a(GUI_Common.o)
                0x10083468                GUI_SetPenSize
 .text.GUI_RectsIntersect
                0x10083478       0x3c Generated_Source\PSoC6\pdl\middleware\emWin\libs\GCC\libemWin_nosnts_gcc.a(GUI_Common.o)
                0x10083478                GUI_RectsIntersect
 .text.GUI_SaveContext_W
                0x100834b4       0x14 Generated_Source\PSoC6\pdl\middleware\emWin\libs\GCC\libemWin_nosnts_gcc.a(GUI_Common.o)
                0x100834b4                GUI_SaveContext_W
 .text.GUI_RestoreContext
                0x100834c8       0x14 Generated_Source\PSoC6\pdl\middleware\emWin\libs\GCC\libemWin_nosnts_gcc.a(GUI_Common.o)
                0x100834c8                GUI_RestoreContext
 .text.GUI_SelectLCD
                0x100834dc       0x10 Generated_Source\PSoC6\pdl\middleware\emWin\libs\GCC\libemWin_nosnts_gcc.a(GUI_Common.o)
                0x100834dc                GUI_SelectLCD
 .text.GUI_SetBkColor
                0x100834ec        0x8 Generated_Source\PSoC6\pdl\middleware\emWin\libs\GCC\libemWin_nosnts_gcc.a(GUI_Common.o)
                0x100834ec                GUI_SetBkColor
 .text.GUI_SetColor
                0x100834f4        0x8 Generated_Source\PSoC6\pdl\middleware\emWin\libs\GCC\libemWin_nosnts_gcc.a(GUI_Common.o)
                0x100834f4                GUI_SetColor
 .text.GUI_SetDrawMode
                0x100834fc        0x8 Generated_Source\PSoC6\pdl\middleware\emWin\libs\GCC\libemWin_nosnts_gcc.a(GUI_Common.o)
                0x100834fc                GUI_SetDrawMode
 .text.GUI_SetFont
                0x10083504       0x14 Generated_Source\PSoC6\pdl\middleware\emWin\libs\GCC\libemWin_nosnts_gcc.a(GUI_Common.o)
                0x10083504                GUI_SetFont
 .text.GUI_SetLineStyle
                0x10083518       0x10 Generated_Source\PSoC6\pdl\middleware\emWin\libs\GCC\libemWin_nosnts_gcc.a(GUI_Common.o)
                0x10083518                GUI_SetLineStyle
 .text.GUI_SetOrg
                0x10083528       0x34 Generated_Source\PSoC6\pdl\middleware\emWin\libs\GCC\libemWin_nosnts_gcc.a(GUI_Common.o)
                0x10083528                GUI_SetOrg
 .text.GUI_SetTextAlign
                0x1008355c       0x14 Generated_Source\PSoC6\pdl\middleware\emWin\libs\GCC\libemWin_nosnts_gcc.a(GUI_Common.o)
                0x1008355c                GUI_SetTextAlign
 .text.GUI_SetTextMode
                0x10083570       0x14 Generated_Source\PSoC6\pdl\middleware\emWin\libs\GCC\libemWin_nosnts_gcc.a(GUI_Common.o)
                0x10083570                GUI_SetTextMode
 .text.GL_SetDefault
                0x10083584       0x48 Generated_Source\PSoC6\pdl\middleware\emWin\libs\GCC\libemWin_nosnts_gcc.a(GUI_Common.o)
                0x10083584                GL_SetDefault
 .text._OnExit  0x100835cc       0x44 Generated_Source\PSoC6\pdl\middleware\emWin\libs\GCC\libemWin_nosnts_gcc.a(GUI_Core.o)
 .text.GUI_SetDefaultFont
                0x10083610        0xc Generated_Source\PSoC6\pdl\middleware\emWin\libs\GCC\libemWin_nosnts_gcc.a(GUI_Core.o)
                0x10083610                GUI_SetDefaultFont
 .text.GUI_ClearRect
                0x1008361c       0x5c Generated_Source\PSoC6\pdl\middleware\emWin\libs\GCC\libemWin_nosnts_gcc.a(GUI_Core.o)
                0x1008361c                GUI_ClearRect
 .text.GUI_Clear
                0x10083678       0x20 Generated_Source\PSoC6\pdl\middleware\emWin\libs\GCC\libemWin_nosnts_gcc.a(GUI_Core.o)
                0x10083678                GUI_Clear
 .text.GUI__RegisterExit
                0x10083698       0x10 Generated_Source\PSoC6\pdl\middleware\emWin\libs\GCC\libemWin_nosnts_gcc.a(GUI_Core.o)
                0x10083698                GUI__RegisterExit
 .text.GUI__Config
                0x100836a8       0x30 Generated_Source\PSoC6\pdl\middleware\emWin\libs\GCC\libemWin_nosnts_gcc.a(GUI_Core.o)
                0x100836a8                GUI__Config
 .text.GUI_Init
                0x100836d8       0xf8 Generated_Source\PSoC6\pdl\middleware\emWin\libs\GCC\libemWin_nosnts_gcc.a(GUI_Core.o)
                0x100836d8                GUI_Init
 .text.GUI_DEVICE__GetpDriver
                0x100837d0       0x24 Generated_Source\PSoC6\pdl\middleware\emWin\libs\GCC\libemWin_nosnts_gcc.a(GUI_Device.o)
                0x100837d0                GUI_DEVICE__GetpDriver
 .text.GUI_DEVICE_Delete
                0x100837f4        0x8 Generated_Source\PSoC6\pdl\middleware\emWin\libs\GCC\libemWin_nosnts_gcc.a(GUI_Device.o)
                0x100837f4                GUI_DEVICE_Delete
 .text.GUI_DEVICE_Create
                0x100837fc       0x50 Generated_Source\PSoC6\pdl\middleware\emWin\libs\GCC\libemWin_nosnts_gcc.a(GUI_Device.o)
                0x100837fc                GUI_DEVICE_Create
 .text.GUI_DEVICE_Unlink
                0x1008384c       0x38 Generated_Source\PSoC6\pdl\middleware\emWin\libs\GCC\libemWin_nosnts_gcc.a(GUI_Device.o)
                0x1008384c                GUI_DEVICE_Unlink
 .text.GUI_DEVICE_Link
                0x10083884       0x8c Generated_Source\PSoC6\pdl\middleware\emWin\libs\GCC\libemWin_nosnts_gcc.a(GUI_Device.o)
                0x10083884                GUI_DEVICE_Link
 .text.GUI_DEVICE_CreateAndLink
                0x10083910       0x2c Generated_Source\PSoC6\pdl\middleware\emWin\libs\GCC\libemWin_nosnts_gcc.a(GUI_Device.o)
                0x10083910                GUI_DEVICE_CreateAndLink
 .text.GUI_DispString
                0x1008393c      0x110 Generated_Source\PSoC6\pdl\middleware\emWin\libs\GCC\libemWin_nosnts_gcc.a(GUI_DispString.o)
                0x1008393c                GUI_DispString
 .text.GUI_DispStringAt
                0x10083a4c       0x14 Generated_Source\PSoC6\pdl\middleware\emWin\libs\GCC\libemWin_nosnts_gcc.a(GUI_DispString.o)
                0x10083a4c                GUI_DispStringAt
 .text.GL_DrawPoint
                0x10083a60       0x28 Generated_Source\PSoC6\pdl\middleware\emWin\libs\GCC\libemWin_nosnts_gcc.a(GUI_DrawLib.o)
                0x10083a60                GL_DrawPoint
 .text.GUI_FillRect
                0x10083a88       0x40 Generated_Source\PSoC6\pdl\middleware\emWin\libs\GCC\libemWin_nosnts_gcc.a(GUI_DrawLib.o)
                0x10083a88                GUI_FillRect
 .text._SetLineColor
                0x10083ac8       0x8c Generated_Source\PSoC6\pdl\middleware\emWin\libs\GCC\libemWin_nosnts_gcc.a(GUI_DrawLine.o)
 .text.GUI_sin  0x10083b54       0x5c Generated_Source\PSoC6\pdl\middleware\emWin\libs\GCC\libemWin_nosnts_gcc.a(GUI_DrawLine.o)
                0x10083b54                GUI_sin
 .text.GUI_cos  0x10083bb0        0xe Generated_Source\PSoC6\pdl\middleware\emWin\libs\GCC\libemWin_nosnts_gcc.a(GUI_DrawLine.o)
                0x10083bb0                GUI_cos
 *fill*         0x10083bbe        0x2 
 .text.GL_DrawLine1Ex
                0x10083bc0      0x1a8 Generated_Source\PSoC6\pdl\middleware\emWin\libs\GCC\libemWin_nosnts_gcc.a(GUI_DrawLine.o)
                0x10083bc0                GL_DrawLine1Ex
 .text.GL_DrawLineEx
                0x10083d68      0x19c Generated_Source\PSoC6\pdl\middleware\emWin\libs\GCC\libemWin_nosnts_gcc.a(GUI_DrawLine.o)
                0x10083d68                GL_DrawLineEx
 .text.GL_DrawLine
                0x10083f04       0x10 Generated_Source\PSoC6\pdl\middleware\emWin\libs\GCC\libemWin_nosnts_gcc.a(GUI_DrawLine.o)
                0x10083f04                GL_DrawLine
 .text.GUI_DrawLine
                0x10083f14       0x38 Generated_Source\PSoC6\pdl\middleware\emWin\libs\GCC\libemWin_nosnts_gcc.a(GUI_DrawLine.o)
                0x10083f14                GUI_DrawLine
 .text._Add     0x10083f4c       0x4c Generated_Source\PSoC6\pdl\middleware\emWin\libs\GCC\libemWin_nosnts_gcc.a(GUI_FillPolygon.o)
 .text.GL_FillPolygon
                0x10083f98      0x1d4 Generated_Source\PSoC6\pdl\middleware\emWin\libs\GCC\libemWin_nosnts_gcc.a(GUI_FillPolygon.o)
                0x10083f98                GL_FillPolygon
 .text.GUI_StoreKey
                0x1008416c       0x18 Generated_Source\PSoC6\pdl\middleware\emWin\libs\GCC\libemWin_nosnts_gcc.a(GUI_OnKey.o)
                0x1008416c                GUI_StoreKey
 .text.GUI_PollKeyMsg
                0x10084184       0x34 Generated_Source\PSoC6\pdl\middleware\emWin\libs\GCC\libemWin_nosnts_gcc.a(GUI_OnKey.o)
                0x10084184                GUI_PollKeyMsg
 .text.GUI_Delay
                0x100841b8       0x30 Generated_Source\PSoC6\pdl\middleware\emWin\libs\GCC\libemWin_nosnts_gcc.a(GUI_Time.o)
                0x100841b8                GUI_Delay
 .text.GUI_UC__GetCharCodeInc
                0x100841e8       0x28 Generated_Source\PSoC6\pdl\middleware\emWin\libs\GCC\libemWin_nosnts_gcc.a(GUI_UC.o)
                0x100841e8                GUI_UC__GetCharCodeInc
 .text.GUI_UC__NumChars2NumBytes
                0x10084210       0x28 Generated_Source\PSoC6\pdl\middleware\emWin\libs\GCC\libemWin_nosnts_gcc.a(GUI_UC.o)
                0x10084210                GUI_UC__NumChars2NumBytes
 .text._GetCharCode
                0x10084238        0x4 Generated_Source\PSoC6\pdl\middleware\emWin\libs\GCC\libemWin_nosnts_gcc.a(GUI_UC_EncodeNone.o)
 .text._GetCharSize
                0x1008423c        0x4 Generated_Source\PSoC6\pdl\middleware\emWin\libs\GCC\libemWin_nosnts_gcc.a(GUI_UC_EncodeNone.o)
 .text._CalcSizeOfChar
                0x10084240        0x4 Generated_Source\PSoC6\pdl\middleware\emWin\libs\GCC\libemWin_nosnts_gcc.a(GUI_UC_EncodeNone.o)
 .text._Encode  0x10084244        0x6 Generated_Source\PSoC6\pdl\middleware\emWin\libs\GCC\libemWin_nosnts_gcc.a(GUI_UC_EncodeNone.o)
 *fill*         0x1008424a        0x2 
 .text.GUI_SignalEvent
                0x1008424c       0x14 Generated_Source\PSoC6\pdl\middleware\emWin\libs\GCC\libemWin_nosnts_gcc.a(GUI_WaitEvent.o)
                0x1008424c                GUI_SignalEvent
 .text.LCD_Index2Color_M565
                0x10084260       0x2c Generated_Source\PSoC6\pdl\middleware\emWin\libs\GCC\libemWin_nosnts_gcc.a(GUICC_M565.o)
                0x10084260                LCD_Index2Color_M565
 .text._Color2Index_M565
                0x1008428c       0x2c Generated_Source\PSoC6\pdl\middleware\emWin\libs\GCC\libemWin_nosnts_gcc.a(GUICC_M565.o)
 .text._GetIndexMask_M565
                0x100842b8        0x8 Generated_Source\PSoC6\pdl\middleware\emWin\libs\GCC\libemWin_nosnts_gcc.a(GUICC_M565.o)
 .text._Color2IndexBulk
                0x100842c0       0x50 Generated_Source\PSoC6\pdl\middleware\emWin\libs\GCC\libemWin_nosnts_gcc.a(GUICC_M565.o)
 .text._Index2ColorBulk
                0x10084310       0x60 Generated_Source\PSoC6\pdl\middleware\emWin\libs\GCC\libemWin_nosnts_gcc.a(GUICC_M565.o)
 .text._Log2PhysY_X1Y0S0
                0x10084370        0x4 Generated_Source\PSoC6\pdl\middleware\emWin\libs\GCC\libemWin_nosnts_gcc.a(GUIDRV_FlexColor.o)
 .text._Log2PhysY_X1Y1S0
                0x10084374        0x8 Generated_Source\PSoC6\pdl\middleware\emWin\libs\GCC\libemWin_nosnts_gcc.a(GUIDRV_FlexColor.o)
 .text._Log2PhysY_X1Y0S1
                0x1008437c        0x4 Generated_Source\PSoC6\pdl\middleware\emWin\libs\GCC\libemWin_nosnts_gcc.a(GUIDRV_FlexColor.o)
 .text._Log2PhysY_X1Y1S1
                0x10084380        0x8 Generated_Source\PSoC6\pdl\middleware\emWin\libs\GCC\libemWin_nosnts_gcc.a(GUIDRV_FlexColor.o)
 .text._SetPixelIndex
                0x10084388        0xc Generated_Source\PSoC6\pdl\middleware\emWin\libs\GCC\libemWin_nosnts_gcc.a(GUIDRV_FlexColor.o)
 .text._GetPixelIndex
                0x10084394        0xc Generated_Source\PSoC6\pdl\middleware\emWin\libs\GCC\libemWin_nosnts_gcc.a(GUIDRV_FlexColor.o)
 .text._XorPixel
                0x100843a0       0x22 Generated_Source\PSoC6\pdl\middleware\emWin\libs\GCC\libemWin_nosnts_gcc.a(GUIDRV_FlexColor.o)
 .text._DrawHLine
                0x100843c2        0xe Generated_Source\PSoC6\pdl\middleware\emWin\libs\GCC\libemWin_nosnts_gcc.a(GUIDRV_FlexColor.o)
 .text._DrawVLine
                0x100843d0       0x10 Generated_Source\PSoC6\pdl\middleware\emWin\libs\GCC\libemWin_nosnts_gcc.a(GUIDRV_FlexColor.o)
 .text._FillRect
                0x100843e0       0x10 Generated_Source\PSoC6\pdl\middleware\emWin\libs\GCC\libemWin_nosnts_gcc.a(GUIDRV_FlexColor.o)
 .text._DrawBitmap
                0x100843f0       0x28 Generated_Source\PSoC6\pdl\middleware\emWin\libs\GCC\libemWin_nosnts_gcc.a(GUIDRV_FlexColor.o)
 .text._GetDevFunc_SetRect
                0x10084418        0x2 Generated_Source\PSoC6\pdl\middleware\emWin\libs\GCC\libemWin_nosnts_gcc.a(GUIDRV_FlexColor.o)
 *fill*         0x1008441a        0x2 
 .text._GetDevFunc_SetRectOutside
                0x1008441c       0x40 Generated_Source\PSoC6\pdl\middleware\emWin\libs\GCC\libemWin_nosnts_gcc.a(GUIDRV_FlexColor.o)
 .text._ReadPixelCust_16bpp
                0x1008445c        0xe Generated_Source\PSoC6\pdl\middleware\emWin\libs\GCC\libemWin_nosnts_gcc.a(GUIDRV_FlexColor.o)
 .text._ReadPixelCust_18bpp
                0x1008446a        0xe Generated_Source\PSoC6\pdl\middleware\emWin\libs\GCC\libemWin_nosnts_gcc.a(GUIDRV_FlexColor.o)
 .text._ReadRectCust_16bpp
                0x10084478       0x3e Generated_Source\PSoC6\pdl\middleware\emWin\libs\GCC\libemWin_nosnts_gcc.a(GUIDRV_FlexColor.o)
 .text._ReadRectCust_18bpp
                0x100844b6       0x3e Generated_Source\PSoC6\pdl\middleware\emWin\libs\GCC\libemWin_nosnts_gcc.a(GUIDRV_FlexColor.o)
 .text._GetDevFunc
                0x100844f4       0x80 Generated_Source\PSoC6\pdl\middleware\emWin\libs\GCC\libemWin_nosnts_gcc.a(GUIDRV_FlexColor.o)
 .text._GetDevProp
                0x10084574       0x60 Generated_Source\PSoC6\pdl\middleware\emWin\libs\GCC\libemWin_nosnts_gcc.a(GUIDRV_FlexColor.o)
 .text._GetDevData
                0x100845d4        0xc Generated_Source\PSoC6\pdl\middleware\emWin\libs\GCC\libemWin_nosnts_gcc.a(GUIDRV_FlexColor.o)
 .text._GetRect
                0x100845e0       0x16 Generated_Source\PSoC6\pdl\middleware\emWin\libs\GCC\libemWin_nosnts_gcc.a(GUIDRV_FlexColor.o)
 *fill*         0x100845f6        0x2 
 .text.GUIDRV_FlexColor__SetLog2Phys
                0x100845f8       0x40 Generated_Source\PSoC6\pdl\middleware\emWin\libs\GCC\libemWin_nosnts_gcc.a(GUIDRV_FlexColor.o)
                0x100845f8                GUIDRV_FlexColor__SetLog2Phys
 .text._SetOrg  0x10084638       0x22 Generated_Source\PSoC6\pdl\middleware\emWin\libs\GCC\libemWin_nosnts_gcc.a(GUIDRV_FlexColor.o)
 .text._Log2PhysY_X0Y0S1
                0x1008465a        0x4 Generated_Source\PSoC6\pdl\middleware\emWin\libs\GCC\libemWin_nosnts_gcc.a(GUIDRV_FlexColor.o)
 .text._Log2PhysX_X0Y0S0
                0x1008465e        0x4 Generated_Source\PSoC6\pdl\middleware\emWin\libs\GCC\libemWin_nosnts_gcc.a(GUIDRV_FlexColor.o)
 .text._Log2PhysX_X0Y1S0
                0x10084662        0x4 Generated_Source\PSoC6\pdl\middleware\emWin\libs\GCC\libemWin_nosnts_gcc.a(GUIDRV_FlexColor.o)
 .text._Log2PhysX_X0Y0S1
                0x10084666        0x4 Generated_Source\PSoC6\pdl\middleware\emWin\libs\GCC\libemWin_nosnts_gcc.a(GUIDRV_FlexColor.o)
 .text._Log2PhysX_X0Y1S1
                0x1008466a        0x4 Generated_Source\PSoC6\pdl\middleware\emWin\libs\GCC\libemWin_nosnts_gcc.a(GUIDRV_FlexColor.o)
 .text._Log2PhysY_X0Y0S0
                0x1008466e        0x4 Generated_Source\PSoC6\pdl\middleware\emWin\libs\GCC\libemWin_nosnts_gcc.a(GUIDRV_FlexColor.o)
 .text._Log2PhysY_X0Y1S0
                0x10084672        0x8 Generated_Source\PSoC6\pdl\middleware\emWin\libs\GCC\libemWin_nosnts_gcc.a(GUIDRV_FlexColor.o)
 .text._Log2PhysX_X1Y0S0
                0x1008467a        0x8 Generated_Source\PSoC6\pdl\middleware\emWin\libs\GCC\libemWin_nosnts_gcc.a(GUIDRV_FlexColor.o)
 .text._Log2PhysX_X1Y1S0
                0x10084682        0x8 Generated_Source\PSoC6\pdl\middleware\emWin\libs\GCC\libemWin_nosnts_gcc.a(GUIDRV_FlexColor.o)
 .text._Log2PhysX_X1Y0S1
                0x1008468a        0x8 Generated_Source\PSoC6\pdl\middleware\emWin\libs\GCC\libemWin_nosnts_gcc.a(GUIDRV_FlexColor.o)
 .text._Log2PhysX_X1Y1S1
                0x10084692        0x8 Generated_Source\PSoC6\pdl\middleware\emWin\libs\GCC\libemWin_nosnts_gcc.a(GUIDRV_FlexColor.o)
 .text._Log2PhysY_X0Y1S1
                0x1008469a        0x8 Generated_Source\PSoC6\pdl\middleware\emWin\libs\GCC\libemWin_nosnts_gcc.a(GUIDRV_FlexColor.o)
 .text.GUIDRV_FlexColor__SetPixelIndexNoCache
                0x100846a2       0x98 Generated_Source\PSoC6\pdl\middleware\emWin\libs\GCC\libemWin_nosnts_gcc.a(GUIDRV_FlexColor.o)
                0x100846a2                GUIDRV_FlexColor__SetPixelIndexNoCache
 .text.GUIDRV_FlexColor__GetPixelIndexNoCache
                0x1008473a       0xd2 Generated_Source\PSoC6\pdl\middleware\emWin\libs\GCC\libemWin_nosnts_gcc.a(GUIDRV_FlexColor.o)
                0x1008473a                GUIDRV_FlexColor__GetPixelIndexNoCache
 .text.GUIDRV_FlexColor__InitOnce
                0x1008480c       0x3c Generated_Source\PSoC6\pdl\middleware\emWin\libs\GCC\libemWin_nosnts_gcc.a(GUIDRV_FlexColor.o)
                0x1008480c                GUIDRV_FlexColor__InitOnce
 .text._SetDevFunc
                0x10084848       0x9c Generated_Source\PSoC6\pdl\middleware\emWin\libs\GCC\libemWin_nosnts_gcc.a(GUIDRV_FlexColor.o)
 .text._GetDevFunc_Init
                0x100848e4       0x56 Generated_Source\PSoC6\pdl\middleware\emWin\libs\GCC\libemWin_nosnts_gcc.a(GUIDRV_FlexColor.o)
 .text._GetDevFunc_SetSize
                0x1008493a       0x14 Generated_Source\PSoC6\pdl\middleware\emWin\libs\GCC\libemWin_nosnts_gcc.a(GUIDRV_FlexColor.o)
 .text._GetDevFunc_SetVSize
                0x1008494e       0x14 Generated_Source\PSoC6\pdl\middleware\emWin\libs\GCC\libemWin_nosnts_gcc.a(GUIDRV_FlexColor.o)
 .text._GetDevFunc_Off
                0x10084962       0x14 Generated_Source\PSoC6\pdl\middleware\emWin\libs\GCC\libemWin_nosnts_gcc.a(GUIDRV_FlexColor.o)
 .text._GetDevFunc_On
                0x10084976       0x14 Generated_Source\PSoC6\pdl\middleware\emWin\libs\GCC\libemWin_nosnts_gcc.a(GUIDRV_FlexColor.o)
 .text.GUIDRV_FlexColor_Config
                0x1008498a       0x40 Generated_Source\PSoC6\pdl\middleware\emWin\libs\GCC\libemWin_nosnts_gcc.a(GUIDRV_FlexColor.o)
                0x1008498a                GUIDRV_FlexColor_Config
 .text.GUIDRV_FlexColor_SetFunc
                0x100849ca       0x30 Generated_Source\PSoC6\pdl\middleware\emWin\libs\GCC\libemWin_nosnts_gcc.a(GUIDRV_FlexColor.o)
                0x100849ca                GUIDRV_FlexColor_SetFunc
 .text._WriteU16_A1
                0x100849fa       0x1c Generated_Source\PSoC6\pdl\middleware\emWin\libs\GCC\libemWin_nosnts_gcc.a(GUIDRV_FlexColor_16bpp_C0B8.o)
 .text._WriteDataMP
                0x10084a16       0x4a Generated_Source\PSoC6\pdl\middleware\emWin\libs\GCC\libemWin_nosnts_gcc.a(GUIDRV_FlexColor_16bpp_C0B8.o)
 .text._ReadData
                0x10084a60        0xc Generated_Source\PSoC6\pdl\middleware\emWin\libs\GCC\libemWin_nosnts_gcc.a(GUIDRV_FlexColor_16bpp_C0B8.o)
 .text._WriteData
                0x10084a6c        0xa Generated_Source\PSoC6\pdl\middleware\emWin\libs\GCC\libemWin_nosnts_gcc.a(GUIDRV_FlexColor_16bpp_C0B8.o)
 *fill*         0x10084a76        0x2 
 .text._FillRect
                0x10084a78      0x124 Generated_Source\PSoC6\pdl\middleware\emWin\libs\GCC\libemWin_nosnts_gcc.a(GUIDRV_FlexColor_16bpp_C0B8.o)
 .text._DrawBitmap
                0x10084b9c      0x540 Generated_Source\PSoC6\pdl\middleware\emWin\libs\GCC\libemWin_nosnts_gcc.a(GUIDRV_FlexColor_16bpp_C0B8.o)
 .text.GUIDRV_FlexColor_SetMode16bppC0B8
                0x100850dc       0x60 Generated_Source\PSoC6\pdl\middleware\emWin\libs\GCC\libemWin_nosnts_gcc.a(GUIDRV_FlexColor_16bpp_C0B8.o)
                0x100850dc                GUIDRV_FlexColor_SetMode16bppC0B8
 .text._SetPhysRAMAddr
                0x1008513c       0xac Generated_Source\PSoC6\pdl\middleware\emWin\libs\GCC\libemWin_nosnts_gcc.a(GUIDRV_FlexColor_Func66709.o)
 .text._SetRect
                0x100851e8       0xa8 Generated_Source\PSoC6\pdl\middleware\emWin\libs\GCC\libemWin_nosnts_gcc.a(GUIDRV_FlexColor_Func66709.o)
 .text._SetOrientation
                0x10085290       0x38 Generated_Source\PSoC6\pdl\middleware\emWin\libs\GCC\libemWin_nosnts_gcc.a(GUIDRV_FlexColor_Func66709.o)
 .text._ReadPixel_16bpp_B8
                0x100852c8       0x32 Generated_Source\PSoC6\pdl\middleware\emWin\libs\GCC\libemWin_nosnts_gcc.a(GUIDRV_FlexColor_Func66709.o)
 .text._ReadPixel_16bpp_B16_I
                0x100852fa       0x3e Generated_Source\PSoC6\pdl\middleware\emWin\libs\GCC\libemWin_nosnts_gcc.a(GUIDRV_FlexColor_Func66709.o)
 .text._SetReg_B8
                0x10085338       0x16 Generated_Source\PSoC6\pdl\middleware\emWin\libs\GCC\libemWin_nosnts_gcc.a(GUIDRV_FlexColor_Func66709.o)
 .text._SetReg_B16
                0x1008534e        0xe Generated_Source\PSoC6\pdl\middleware\emWin\libs\GCC\libemWin_nosnts_gcc.a(GUIDRV_FlexColor_Func66709.o)
 .text._WritePara_B8
                0x1008535c        0xe Generated_Source\PSoC6\pdl\middleware\emWin\libs\GCC\libemWin_nosnts_gcc.a(GUIDRV_FlexColor_Func66709.o)
 .text._WritePara_B16
                0x1008536a        0xe Generated_Source\PSoC6\pdl\middleware\emWin\libs\GCC\libemWin_nosnts_gcc.a(GUIDRV_FlexColor_Func66709.o)
 .text._SetInterface
                0x10085378       0x38 Generated_Source\PSoC6\pdl\middleware\emWin\libs\GCC\libemWin_nosnts_gcc.a(GUIDRV_FlexColor_Func66709.o)
 .text._ReadRect_16bpp_B8
                0x100853b0       0x5e Generated_Source\PSoC6\pdl\middleware\emWin\libs\GCC\libemWin_nosnts_gcc.a(GUIDRV_FlexColor_Func66709.o)
 .text._ReadRect_16bpp_B16_I
                0x1008540e       0x64 Generated_Source\PSoC6\pdl\middleware\emWin\libs\GCC\libemWin_nosnts_gcc.a(GUIDRV_FlexColor_Func66709.o)
 *fill*         0x10085472        0x2 
 .text.GUIDRV_FlexColor_SetFunc66709
                0x10085474       0x68 Generated_Source\PSoC6\pdl\middleware\emWin\libs\GCC\libemWin_nosnts_gcc.a(GUIDRV_FlexColor_Func66709.o)
                0x10085474                GUIDRV_FlexColor_SetFunc66709
 .text._SetDrawMode
                0x100854dc       0x28 Generated_Source\PSoC6\pdl\middleware\emWin\libs\GCC\libemWin_nosnts_gcc.a(LCD.o)
 .text.LCD_SetDrawMode
                0x10085504       0x10 Generated_Source\PSoC6\pdl\middleware\emWin\libs\GCC\libemWin_nosnts_gcc.a(LCD.o)
                0x10085504                LCD_SetDrawMode
 .text.LCD_DrawPixel
                0x10085514       0x5c Generated_Source\PSoC6\pdl\middleware\emWin\libs\GCC\libemWin_nosnts_gcc.a(LCD.o)
                0x10085514                LCD_DrawPixel
 .text.LCD_DrawHLine
                0x10085570       0x4c Generated_Source\PSoC6\pdl\middleware\emWin\libs\GCC\libemWin_nosnts_gcc.a(LCD.o)
                0x10085570                LCD_DrawHLine
 .text.LCD_DrawVLine
                0x100855bc       0x4c Generated_Source\PSoC6\pdl\middleware\emWin\libs\GCC\libemWin_nosnts_gcc.a(LCD.o)
                0x100855bc                LCD_DrawVLine
 .text.LCD_FillRect
                0x10085608       0x54 Generated_Source\PSoC6\pdl\middleware\emWin\libs\GCC\libemWin_nosnts_gcc.a(LCD.o)
                0x10085608                LCD_FillRect
 .text.LCD__DrawBitmap_1bpp
                0x1008565c      0x1cc Generated_Source\PSoC6\pdl\middleware\emWin\libs\GCC\libemWin_nosnts_gcc.a(LCD.o)
                0x1008565c                LCD__DrawBitmap_1bpp
 .text.LCD_DrawBitmap
                0x10085828      0x20c Generated_Source\PSoC6\pdl\middleware\emWin\libs\GCC\libemWin_nosnts_gcc.a(LCD.o)
                0x10085828                LCD_DrawBitmap
 .text.LCD_SetClipRectMax
                0x10085a34       0x20 Generated_Source\PSoC6\pdl\middleware\emWin\libs\GCC\libemWin_nosnts_gcc.a(LCD.o)
                0x10085a34                LCD_SetClipRectMax
 .text.LCD_Init
                0x10085a54       0x94 Generated_Source\PSoC6\pdl\middleware\emWin\libs\GCC\libemWin_nosnts_gcc.a(LCD.o)
                0x10085a54                LCD_Init
 .text.LCD_Color2Index
                0x10085ae8       0x20 Generated_Source\PSoC6\pdl\middleware\emWin\libs\GCC\libemWin_nosnts_gcc.a(LCD.o)
                0x10085ae8                LCD_Color2Index
 .text.LCD_Index2Color
                0x10085b08       0x20 Generated_Source\PSoC6\pdl\middleware\emWin\libs\GCC\libemWin_nosnts_gcc.a(LCD.o)
                0x10085b08                LCD_Index2Color
 .text.LCD_SetColorIndex
                0x10085b28       0x18 Generated_Source\PSoC6\pdl\middleware\emWin\libs\GCC\libemWin_nosnts_gcc.a(LCD.o)
                0x10085b28                LCD_SetColorIndex
 .text._SetColor
                0x10085b40       0x1c Generated_Source\PSoC6\pdl\middleware\emWin\libs\GCC\libemWin_nosnts_gcc.a(LCD.o)
 .text.LCD_SetBkColorIndex
                0x10085b5c       0x18 Generated_Source\PSoC6\pdl\middleware\emWin\libs\GCC\libemWin_nosnts_gcc.a(LCD.o)
                0x10085b5c                LCD_SetBkColorIndex
 .text._SetBkColor
                0x10085b74       0x1c Generated_Source\PSoC6\pdl\middleware\emWin\libs\GCC\libemWin_nosnts_gcc.a(LCD.o)
 .text.LCD_SetBkColor
                0x10085b90       0x10 Generated_Source\PSoC6\pdl\middleware\emWin\libs\GCC\libemWin_nosnts_gcc.a(LCD.o)
                0x10085b90                LCD_SetBkColor
 .text.LCD_SetColor
                0x10085ba0       0x10 Generated_Source\PSoC6\pdl\middleware\emWin\libs\GCC\libemWin_nosnts_gcc.a(LCD.o)
                0x10085ba0                LCD_SetColor
 .text._OnExit  0x10085bb0       0x1c Generated_Source\PSoC6\pdl\middleware\emWin\libs\GCC\libemWin_nosnts_gcc.a(LCD_Color.o)
 .text.LCD_InitColors
                0x10085bcc       0x40 Generated_Source\PSoC6\pdl\middleware\emWin\libs\GCC\libemWin_nosnts_gcc.a(LCD_Color.o)
                0x10085bcc                LCD_InitColors
 .text.LCD_GetpPalConvTableUncached
                0x10085c0c       0x68 Generated_Source\PSoC6\pdl\middleware\emWin\libs\GCC\libemWin_nosnts_gcc.a(LCD_Color.o)
                0x10085c0c                LCD_GetpPalConvTableUncached
 .text.LCD_GetpPalConvTableBM
                0x10085c74        0x8 Generated_Source\PSoC6\pdl\middleware\emWin\libs\GCC\libemWin_nosnts_gcc.a(LCD_Color.o)
                0x10085c74                LCD_GetpPalConvTableBM
 .text.LCD_InitLUT
                0x10085c7c       0x7c Generated_Source\PSoC6\pdl\middleware\emWin\libs\GCC\libemWin_nosnts_gcc.a(LCD_Color.o)
                0x10085c7c                LCD_InitLUT
 .text.LCD_GetBkColorIndex
                0x10085cf8       0x10 Generated_Source\PSoC6\pdl\middleware\emWin\libs\GCC\libemWin_nosnts_gcc.a(LCD_GetColorIndex.o)
                0x10085cf8                LCD_GetBkColorIndex
 .text.LCD_GetColorIndex
                0x10085d08       0x10 Generated_Source\PSoC6\pdl\middleware\emWin\libs\GCC\libemWin_nosnts_gcc.a(LCD_GetColorIndex.o)
                0x10085d08                LCD_GetColorIndex
 .text._GetDevProp.part.0
                0x10085d18       0x16 Generated_Source\PSoC6\pdl\middleware\emWin\libs\GCC\libemWin_nosnts_gcc.a(LCD_GetEx.o)
 .text._GetDevProp
                0x10085d2e       0x12 Generated_Source\PSoC6\pdl\middleware\emWin\libs\GCC\libemWin_nosnts_gcc.a(LCD_GetEx.o)
 .text._GetMaxValue
                0x10085d40       0x12 Generated_Source\PSoC6\pdl\middleware\emWin\libs\GCC\libemWin_nosnts_gcc.a(LCD_GetEx.o)
 .text.LCD_GetXSizeEx
                0x10085d52        0xa Generated_Source\PSoC6\pdl\middleware\emWin\libs\GCC\libemWin_nosnts_gcc.a(LCD_GetEx.o)
                0x10085d52                LCD_GetXSizeEx
 .text.LCD_GetYSizeEx
                0x10085d5c        0xa Generated_Source\PSoC6\pdl\middleware\emWin\libs\GCC\libemWin_nosnts_gcc.a(LCD_GetEx.o)
                0x10085d5c                LCD_GetYSizeEx
 .text.LCD_GetVXSizeEx
                0x10085d66        0xa Generated_Source\PSoC6\pdl\middleware\emWin\libs\GCC\libemWin_nosnts_gcc.a(LCD_GetEx.o)
                0x10085d66                LCD_GetVXSizeEx
 .text.LCD_GetVYSizeEx
                0x10085d70        0xa Generated_Source\PSoC6\pdl\middleware\emWin\libs\GCC\libemWin_nosnts_gcc.a(LCD_GetEx.o)
                0x10085d70                LCD_GetVYSizeEx
 .text.LCD_GetBitsPerPixelEx
                0x10085d7a        0xa Generated_Source\PSoC6\pdl\middleware\emWin\libs\GCC\libemWin_nosnts_gcc.a(LCD_GetEx.o)
                0x10085d7a                LCD_GetBitsPerPixelEx
 .text.LCD_GetNumColorsEx
                0x10085d84        0xa Generated_Source\PSoC6\pdl\middleware\emWin\libs\GCC\libemWin_nosnts_gcc.a(LCD_GetEx.o)
                0x10085d84                LCD_GetNumColorsEx
 *fill*         0x10085d8e        0x2 
 .text.LCD_GetXSize
                0x10085d90       0x14 Generated_Source\PSoC6\pdl\middleware\emWin\libs\GCC\libemWin_nosnts_gcc.a(LCD_GetEx.o)
                0x10085d90                LCD_GetXSize
 .text.LCD_GetYSize
                0x10085da4       0x14 Generated_Source\PSoC6\pdl\middleware\emWin\libs\GCC\libemWin_nosnts_gcc.a(LCD_GetEx.o)
                0x10085da4                LCD_GetYSize
 .text.LCD_GetNumColors
                0x10085db8       0x14 Generated_Source\PSoC6\pdl\middleware\emWin\libs\GCC\libemWin_nosnts_gcc.a(LCD_GetEx.o)
                0x10085db8                LCD_GetNumColors
 .text.GUI_GetBitsPerPixelEx
                0x10085dcc       0x18 Generated_Source\PSoC6\pdl\middleware\emWin\libs\GCC\libemWin_nosnts_gcc.a(LCD_GetEx.o)
                0x10085dcc                GUI_GetBitsPerPixelEx
 .text.LCD_GetPaletteEx
                0x10085de4       0x14 Generated_Source\PSoC6\pdl\middleware\emWin\libs\GCC\libemWin_nosnts_gcc.a(LCD_GetEx.o)
                0x10085de4                LCD_GetPaletteEx
 .text.LCD_GetPalette
                0x10085df8       0x14 Generated_Source\PSoC6\pdl\middleware\emWin\libs\GCC\libemWin_nosnts_gcc.a(LCD_GetEx.o)
                0x10085df8                LCD_GetPalette
 .text.GUI_GetpfIndex2ColorEx
                0x10085e0c       0x10 Generated_Source\PSoC6\pdl\middleware\emWin\libs\GCC\libemWin_nosnts_gcc.a(LCD_GetEx.o)
                0x10085e0c                GUI_GetpfIndex2ColorEx
 .text.GUI_GetpfColor2IndexEx
                0x10085e1c       0x10 Generated_Source\PSoC6\pdl\middleware\emWin\libs\GCC\libemWin_nosnts_gcc.a(LCD_GetEx.o)
                0x10085e1c                GUI_GetpfColor2IndexEx
 .text.LCD_GetXSizeMax
                0x10085e2c        0xa Generated_Source\PSoC6\pdl\middleware\emWin\libs\GCC\libemWin_nosnts_gcc.a(LCD_GetEx.o)
                0x10085e2c                LCD_GetXSizeMax
 .text.LCD_GetYSizeMax
                0x10085e36        0xa Generated_Source\PSoC6\pdl\middleware\emWin\libs\GCC\libemWin_nosnts_gcc.a(LCD_GetEx.o)
                0x10085e36                LCD_GetYSizeMax
 .text.LCD_GetVXSizeMax
                0x10085e40        0xa Generated_Source\PSoC6\pdl\middleware\emWin\libs\GCC\libemWin_nosnts_gcc.a(LCD_GetEx.o)
                0x10085e40                LCD_GetVXSizeMax
 *fill*         0x10085e4a        0x2 
 .text.LCD_SetDisplaySize
                0x10085e4c        0xc Generated_Source\PSoC6\pdl\middleware\emWin\libs\GCC\libemWin_nosnts_gcc.a(LCD_GetEx.o)
                0x10085e4c                LCD_SetDisplaySize
 .text.LCD_GetXSizeDisplay
                0x10085e58        0xc Generated_Source\PSoC6\pdl\middleware\emWin\libs\GCC\libemWin_nosnts_gcc.a(LCD_GetEx.o)
                0x10085e58                LCD_GetXSizeDisplay
 .text.LCD_GetYSizeDisplay
                0x10085e64        0xc Generated_Source\PSoC6\pdl\middleware\emWin\libs\GCC\libemWin_nosnts_gcc.a(LCD_GetEx.o)
                0x10085e64                LCD_GetYSizeDisplay
 .text.LCD__GetBPP
                0x10085e70       0x72 Generated_Source\PSoC6\pdl\middleware\emWin\libs\GCC\libemWin_nosnts_gcc.a(LCD_GetEx.o)
                0x10085e70                LCD__GetBPP
 .text.LCD__GetBPPDevice
                0x10085ee2       0x2a Generated_Source\PSoC6\pdl\middleware\emWin\libs\GCC\libemWin_nosnts_gcc.a(LCD_GetEx.o)
                0x10085ee2                LCD__GetBPPDevice
 .text.LCD_GetNumLayers
                0x10085f0c        0xe Generated_Source\PSoC6\pdl\middleware\emWin\libs\GCC\libemWin_nosnts_gcc.a(LCD_GetNumDisplays.o)
                0x10085f0c                LCD_GetNumLayers
 *fill*         0x10085f1a        0x2 
 .text.LCD_SelectLCD
                0x10085f1c       0x44 Generated_Source\PSoC6\pdl\middleware\emWin\libs\GCC\libemWin_nosnts_gcc.a(LCD_SelectLCD.o)
                0x10085f1c                LCD_SelectLCD
 .text.LCD_SetLUTEntryEx
                0x10085f60       0x2e Generated_Source\PSoC6\pdl\middleware\emWin\libs\GCC\libemWin_nosnts_gcc.a(LCD_Set.o)
                0x10085f60                LCD_SetLUTEntryEx
 .text.LCD_SetSizeEx
                0x10085f8e       0x2e Generated_Source\PSoC6\pdl\middleware\emWin\libs\GCC\libemWin_nosnts_gcc.a(LCD_Set.o)
                0x10085f8e                LCD_SetSizeEx
 .text.LCD_SetVSizeEx
                0x10085fbc       0x2e Generated_Source\PSoC6\pdl\middleware\emWin\libs\GCC\libemWin_nosnts_gcc.a(LCD_Set.o)
                0x10085fbc                LCD_SetVSizeEx
 *fill*         0x10085fea        0x2 
 .text.LCD_UpdateColorIndices
                0x10085fec       0x24 Generated_Source\PSoC6\pdl\middleware\emWin\libs\GCC\libemWin_nosnts_gcc.a(LCD_UpdateColorIndices.o)
                0x10085fec                LCD_UpdateColorIndices
 .text._OnExit  0x10086010       0x88 Generated_Source\PSoC6\pdl\middleware\emWin\libs\GCC\libemWin_nosnts_gcc.a(WM.o)
 .text._Paint1  0x10086098       0x20 Generated_Source\PSoC6\pdl\middleware\emWin\libs\GCC\libemWin_nosnts_gcc.a(WM.o)
 .text._Findy1  0x100860b8       0xb4 Generated_Source\PSoC6\pdl\middleware\emWin\libs\GCC\libemWin_nosnts_gcc.a(WM.o)
 .text._Findx0  0x1008616c       0x8a Generated_Source\PSoC6\pdl\middleware\emWin\libs\GCC\libemWin_nosnts_gcc.a(WM.o)
 .text._Findx1  0x100861f6       0x7c Generated_Source\PSoC6\pdl\middleware\emWin\libs\GCC\libemWin_nosnts_gcc.a(WM.o)
 *fill*         0x10086272        0x2 
 .text._Paint1Trans
                0x10086274       0x90 Generated_Source\PSoC6\pdl\middleware\emWin\libs\GCC\libemWin_nosnts_gcc.a(WM.o)
 .text._PaintTransChildren
                0x10086304       0xb8 Generated_Source\PSoC6\pdl\middleware\emWin\libs\GCC\libemWin_nosnts_gcc.a(WM.o)
 .text.WM__PaintWinAndOverlays
                0x100863bc       0x7c Generated_Source\PSoC6\pdl\middleware\emWin\libs\GCC\libemWin_nosnts_gcc.a(WM.o)
 .text._cbPaintMemDev
                0x10086438       0x64 Generated_Source\PSoC6\pdl\middleware\emWin\libs\GCC\libemWin_nosnts_gcc.a(WM.o)
 .text.WM__ClipAtParentBorders
                0x1008649c       0x54 Generated_Source\PSoC6\pdl\middleware\emWin\libs\GCC\libemWin_nosnts_gcc.a(WM.o)
                0x1008649c                WM__ClipAtParentBorders
 .text.WM__InsertWindowIntoList
                0x100864f0       0xaa Generated_Source\PSoC6\pdl\middleware\emWin\libs\GCC\libemWin_nosnts_gcc.a(WM.o)
                0x100864f0                WM__InsertWindowIntoList
 .text.WM__RemoveWindowFromList
                0x1008659a       0x3e Generated_Source\PSoC6\pdl\middleware\emWin\libs\GCC\libemWin_nosnts_gcc.a(WM.o)
                0x1008659a                WM__RemoveWindowFromList
 .text.WM__Client2Screen
                0x100865d8       0x14 Generated_Source\PSoC6\pdl\middleware\emWin\libs\GCC\libemWin_nosnts_gcc.a(WM.o)
                0x100865d8                WM__Client2Screen
 .text._SetClipRectUserIntersect
                0x100865ec       0x50 Generated_Source\PSoC6\pdl\middleware\emWin\libs\GCC\libemWin_nosnts_gcc.a(WM.o)
 .text.WM__ActivateClipRect
                0x1008663c       0x50 Generated_Source\PSoC6\pdl\middleware\emWin\libs\GCC\libemWin_nosnts_gcc.a(WM.o)
                0x1008663c                WM__ActivateClipRect
 .text.WM__IsWindow
                0x1008668c       0x20 Generated_Source\PSoC6\pdl\middleware\emWin\libs\GCC\libemWin_nosnts_gcc.a(WM.o)
                0x1008668c                WM__IsWindow
 .text.WM__InvalidateDrawAndDescs
                0x100866ac       0x54 Generated_Source\PSoC6\pdl\middleware\emWin\libs\GCC\libemWin_nosnts_gcc.a(WM.o)
                0x100866ac                WM__InvalidateDrawAndDescs
 .text.WM__RectIsNZ
                0x10086700       0x22 Generated_Source\PSoC6\pdl\middleware\emWin\libs\GCC\libemWin_nosnts_gcc.a(WM.o)
                0x10086700                WM__RectIsNZ
 *fill*         0x10086722        0x2 
 .text._Invalidate1Abs
                0x10086724       0x88 Generated_Source\PSoC6\pdl\middleware\emWin\libs\GCC\libemWin_nosnts_gcc.a(WM.o)
 .text.WM__Invalidate1Abs
                0x100867ac        0xa Generated_Source\PSoC6\pdl\middleware\emWin\libs\GCC\libemWin_nosnts_gcc.a(WM.o)
                0x100867ac                WM__Invalidate1Abs
 .text.WM_InvalidateWindowAndDescsEx
                0x100867b6       0x60 Generated_Source\PSoC6\pdl\middleware\emWin\libs\GCC\libemWin_nosnts_gcc.a(WM.o)
                0x100867b6                WM_InvalidateWindowAndDescsEx
 *fill*         0x10086816        0x2 
 .text.WM__InvalidateRect
                0x10086818       0x80 Generated_Source\PSoC6\pdl\middleware\emWin\libs\GCC\libemWin_nosnts_gcc.a(WM.o)
                0x10086818                WM__InvalidateRect
 .text.WM__InvalidateParent
                0x10086898       0x28 Generated_Source\PSoC6\pdl\middleware\emWin\libs\GCC\libemWin_nosnts_gcc.a(WM.o)
                0x10086898                WM__InvalidateParent
 .text.WM__InvalidateRectEx
                0x100868c0        0xa Generated_Source\PSoC6\pdl\middleware\emWin\libs\GCC\libemWin_nosnts_gcc.a(WM.o)
                0x100868c0                WM__InvalidateRectEx
 .text.WM__DetachWindow
                0x100868ca       0x2a Generated_Source\PSoC6\pdl\middleware\emWin\libs\GCC\libemWin_nosnts_gcc.a(WM.o)
                0x100868ca                WM__DetachWindow
 .text.WM__SendMsgNoData
                0x100868f4       0x10 Generated_Source\PSoC6\pdl\middleware\emWin\libs\GCC\libemWin_nosnts_gcc.a(WM.o)
                0x100868f4                WM__SendMsgNoData
 .text.WM__GetClientRectWin
                0x10086904       0x18 Generated_Source\PSoC6\pdl\middleware\emWin\libs\GCC\libemWin_nosnts_gcc.a(WM.o)
                0x10086904                WM__GetClientRectWin
 .text.WM_InvalidateRect
                0x1008691c       0x80 Generated_Source\PSoC6\pdl\middleware\emWin\libs\GCC\libemWin_nosnts_gcc.a(WM.o)
                0x1008691c                WM_InvalidateRect
 .text.WM_InvalidateWindow
                0x1008699c        0xa Generated_Source\PSoC6\pdl\middleware\emWin\libs\GCC\libemWin_nosnts_gcc.a(WM.o)
                0x1008699c                WM_InvalidateWindow
 *fill*         0x100869a6        0x2 
 .text.WM_SelectWindow
                0x100869a8       0x38 Generated_Source\PSoC6\pdl\middleware\emWin\libs\GCC\libemWin_nosnts_gcc.a(WM.o)
                0x100869a8                WM_SelectWindow
 .text.WM_CreateWindowAsChild
                0x100869e0      0x144 Generated_Source\PSoC6\pdl\middleware\emWin\libs\GCC\libemWin_nosnts_gcc.a(WM.o)
                0x100869e0                WM_CreateWindowAsChild
 .text.WM_CreateWindow
                0x10086b24       0x1a Generated_Source\PSoC6\pdl\middleware\emWin\libs\GCC\libemWin_nosnts_gcc.a(WM.o)
                0x10086b24                WM_CreateWindow
 *fill*         0x10086b3e        0x2 
 .text.WM_DeleteWindow
                0x10086b40       0xf8 Generated_Source\PSoC6\pdl\middleware\emWin\libs\GCC\libemWin_nosnts_gcc.a(WM.o)
                0x10086b40                WM_DeleteWindow
 .text._Exec1Input
                0x10086c38       0x8c Generated_Source\PSoC6\pdl\middleware\emWin\libs\GCC\libemWin_nosnts_gcc.a(WM.o)
 .text.WM__GetNextIVR
                0x10086cc4      0x160 Generated_Source\PSoC6\pdl\middleware\emWin\libs\GCC\libemWin_nosnts_gcc.a(WM.o)
                0x10086cc4                WM__GetNextIVR
 .text.WM__InitIVRSearch
                0x10086e24      0x100 Generated_Source\PSoC6\pdl\middleware\emWin\libs\GCC\libemWin_nosnts_gcc.a(WM.o)
                0x10086e24                WM__InitIVRSearch
 .text.WM_SetDefault
                0x10086f24       0x14 Generated_Source\PSoC6\pdl\middleware\emWin\libs\GCC\libemWin_nosnts_gcc.a(WM.o)
                0x10086f24                WM_SetDefault
 .text.WM__Paint1
                0x10086f38       0x90 Generated_Source\PSoC6\pdl\middleware\emWin\libs\GCC\libemWin_nosnts_gcc.a(WM.o)
                0x10086f38                WM__Paint1
 .text.WM__Paint
                0x10086fc8       0xa8 Generated_Source\PSoC6\pdl\middleware\emWin\libs\GCC\libemWin_nosnts_gcc.a(WM.o)
                0x10086fc8                WM__Paint
 .text._Exec1Draw
                0x10087070       0x88 Generated_Source\PSoC6\pdl\middleware\emWin\libs\GCC\libemWin_nosnts_gcc.a(WM.o)
 .text.WM_Exec  0x100870f8       0x80 Generated_Source\PSoC6\pdl\middleware\emWin\libs\GCC\libemWin_nosnts_gcc.a(WM.o)
                0x100870f8                WM_Exec
 .text.WM_Activate
                0x10087178       0x10 Generated_Source\PSoC6\pdl\middleware\emWin\libs\GCC\libemWin_nosnts_gcc.a(WM.o)
                0x10087178                WM_Activate
 .text.WM_Deactivate
                0x10087188       0x18 Generated_Source\PSoC6\pdl\middleware\emWin\libs\GCC\libemWin_nosnts_gcc.a(WM.o)
                0x10087188                WM_Deactivate
 .text.WM_DefaultProc
                0x100871a0       0x48 Generated_Source\PSoC6\pdl\middleware\emWin\libs\GCC\libemWin_nosnts_gcc.a(WM.o)
                0x100871a0                WM_DefaultProc
 .text._cbBackWin
                0x100871e8       0x44 Generated_Source\PSoC6\pdl\middleware\emWin\libs\GCC\libemWin_nosnts_gcc.a(WM.o)
 .text.WM_Init  0x1008722c       0xa4 Generated_Source\PSoC6\pdl\middleware\emWin\libs\GCC\libemWin_nosnts_gcc.a(WM.o)
                0x1008722c                WM_Init
 .text.WM__GetFirstSibling
                0x100872d0       0x16 Generated_Source\PSoC6\pdl\middleware\emWin\libs\GCC\libemWin_nosnts_gcc.a(WM__Private.o)
                0x100872d0                WM__GetFirstSibling
 .text.WM__GetPrevSibling
                0x100872e6       0x28 Generated_Source\PSoC6\pdl\middleware\emWin\libs\GCC\libemWin_nosnts_gcc.a(WM__Private.o)
                0x100872e6                WM__GetPrevSibling
 *fill*         0x1008730e        0x2 
 .text.WM__SendMessage
                0x10087310       0x38 Generated_Source\PSoC6\pdl\middleware\emWin\libs\GCC\libemWin_nosnts_gcc.a(WM__Private.o)
                0x10087310                WM__SendMessage
 .text.WM__SendMessageNoPara
                0x10087348       0x2a Generated_Source\PSoC6\pdl\middleware\emWin\libs\GCC\libemWin_nosnts_gcc.a(WM__Private.o)
                0x10087348                WM__SendMessageNoPara
 .text.WM__UpdateChildPositions
                0x10087372       0xf0 Generated_Source\PSoC6\pdl\middleware\emWin\libs\GCC\libemWin_nosnts_gcc.a(WM__Private.o)
                0x10087372                WM__UpdateChildPositions
 *fill*         0x10087462        0x2 
 .text.WM__AddCriticalHandle
                0x10087464       0x10 Generated_Source\PSoC6\pdl\middleware\emWin\libs\GCC\libemWin_nosnts_gcc.a(WM__Private.o)
                0x10087464                WM__AddCriticalHandle
 .text.WM__GetClientRectEx
                0x10087474       0x20 Generated_Source\PSoC6\pdl\middleware\emWin\libs\GCC\libemWin_nosnts_gcc.a(WM__Private.o)
                0x10087474                WM__GetClientRectEx
 .text.WM_GetDesktopWindow
                0x10087494        0xc Generated_Source\PSoC6\pdl\middleware\emWin\libs\GCC\libemWin_nosnts_gcc.a(WM_Lib.o)
                0x10087494                WM_GetDesktopWindow
 .text.WM_GetFirstChild
                0x100874a0        0xe Generated_Source\PSoC6\pdl\middleware\emWin\libs\GCC\libemWin_nosnts_gcc.a(WM_Lib.o)
                0x100874a0                WM_GetFirstChild
 .text.WM_GetWindowOrgX
                0x100874ae       0x14 Generated_Source\PSoC6\pdl\middleware\emWin\libs\GCC\libemWin_nosnts_gcc.a(WM_Lib.o)
                0x100874ae                WM_GetWindowOrgX
 .text.WM_GetParent
                0x100874c2        0xe Generated_Source\PSoC6\pdl\middleware\emWin\libs\GCC\libemWin_nosnts_gcc.a(WM_Lib.o)
                0x100874c2                WM_GetParent
 .text.WM_BringToBottom
                0x100874d0       0x80 Generated_Source\PSoC6\pdl\middleware\emWin\libs\GCC\libemWin_nosnts_gcc.a(WM_Lib.o)
                0x100874d0                WM_BringToBottom
 .text.WM_OnKey
                0x10087550       0x2c Generated_Source\PSoC6\pdl\middleware\emWin\libs\GCC\libemWin_nosnts_gcc.a(WM_Lib.o)
                0x10087550                WM_OnKey
 .text.WM_ResizeWindow
                0x1008757c       0xfc Generated_Source\PSoC6\pdl\middleware\emWin\libs\GCC\libemWin_nosnts_gcc.a(WM_Lib.o)
                0x1008757c                WM_ResizeWindow
 .text.WM_SendMessageNoPara
                0x10087678        0x8 Generated_Source\PSoC6\pdl\middleware\emWin\libs\GCC\libemWin_nosnts_gcc.a(WM_Lib.o)
                0x10087678                WM_SendMessageNoPara
 .text.WM_SendToParent
                0x10087680       0x1a Generated_Source\PSoC6\pdl\middleware\emWin\libs\GCC\libemWin_nosnts_gcc.a(WM_Lib.o)
                0x10087680                WM_SendToParent
 .text.WM_NotifyParent
                0x1008769a       0x12 Generated_Source\PSoC6\pdl\middleware\emWin\libs\GCC\libemWin_nosnts_gcc.a(WM_Lib.o)
                0x1008769a                WM_NotifyParent
 .text.WM_SetSize
                0x100876ac       0x40 Generated_Source\PSoC6\pdl\middleware\emWin\libs\GCC\libemWin_nosnts_gcc.a(WM_Lib.o)
                0x100876ac                WM_SetSize
 .text._MoveDescendents
                0x100876ec       0x68 Generated_Source\PSoC6\pdl\middleware\emWin\libs\GCC\libemWin_nosnts_gcc.a(WM_Move.o)
 .text.WM__MoveWindow
                0x10087754       0x9c Generated_Source\PSoC6\pdl\middleware\emWin\libs\GCC\libemWin_nosnts_gcc.a(WM_Move.o)
                0x10087754                WM__MoveWindow
 .text.WM_MoveWindow
                0x100877f0        0x8 Generated_Source\PSoC6\pdl\middleware\emWin\libs\GCC\libemWin_nosnts_gcc.a(WM_Move.o)
                0x100877f0                WM_MoveWindow
 .text.WM_DeleteTimer
                0x100877f8       0x20 Generated_Source\PSoC6\pdl\middleware\emWin\libs\GCC\libemWin_nosnts_gcc.a(WM_Timer.o)
                0x100877f8                WM_DeleteTimer
 .text.WM__DeleteAssocTimer
                0x10087818       0x4e Generated_Source\PSoC6\pdl\middleware\emWin\libs\GCC\libemWin_nosnts_gcc.a(WM_Timer.o)
                0x10087818                WM__DeleteAssocTimer
 *fill*         0x10087866        0x2 
 .text.GUI__MixColorsBulk
                0x10087868       0x90 Generated_Source\PSoC6\pdl\middleware\emWin\libs\GCC\libemWin_nosnts_gcc.a(GUI__Alpha.o)
                0x10087868                GUI__MixColorsBulk
 .text.GUI__MixColors
                0x100878f8       0x60 Generated_Source\PSoC6\pdl\middleware\emWin\libs\GCC\libemWin_nosnts_gcc.a(GUI__Alpha.o)
                0x100878f8                GUI__MixColors
 .text._OnExit  0x10087958       0x28 Generated_Source\PSoC6\pdl\middleware\emWin\libs\GCC\libemWin_nosnts_gcc.a(GUI__Alpha.o)
 .text.GUI__GetAlphaBuffer
                0x10087980       0xb4 Generated_Source\PSoC6\pdl\middleware\emWin\libs\GCC\libemWin_nosnts_gcc.a(GUI__Alpha.o)
                0x10087980                GUI__GetAlphaBuffer
 .text.GUI__DoAlphaBlending
                0x10087a34      0x1c8 Generated_Source\PSoC6\pdl\middleware\emWin\libs\GCC\libemWin_nosnts_gcc.a(GUI__Alpha.o)
                0x10087a34                GUI__DoAlphaBlending
 .text.GUI__AllocAlphaBuffer
                0x10087bfc       0x1a Generated_Source\PSoC6\pdl\middleware\emWin\libs\GCC\libemWin_nosnts_gcc.a(GUI__Alpha.o)
                0x10087bfc                GUI__AllocAlphaBuffer
 *fill*         0x10087c16        0x2 
 .text.GUI__ExpandPixelIndicesEx
                0x10087c18      0x18c Generated_Source\PSoC6\pdl\middleware\emWin\libs\GCC\libemWin_nosnts_gcc.a(GUI__ExpandPixelIndices.o)
                0x10087c18                GUI__ExpandPixelIndicesEx
 .text.GUI__ManageCacheEx
                0x10087da4       0xe0 Generated_Source\PSoC6\pdl\middleware\emWin\libs\GCC\libemWin_nosnts_gcc.a(GUI__ManageCache.o)
                0x10087da4                GUI__ManageCacheEx
 .text.GUI__ManageCache
                0x10087e84       0x14 Generated_Source\PSoC6\pdl\middleware\emWin\libs\GCC\libemWin_nosnts_gcc.a(GUI__ManageCache.o)
                0x10087e84                GUI__ManageCache
 .text.GUI__IntersectRect
                0x10087e98       0x3c Generated_Source\PSoC6\pdl\middleware\emWin\libs\GCC\libemWin_nosnts_gcc.a(GUI__Private.o)
                0x10087e98                GUI__IntersectRect
 .text.GUI__IntersectRects
                0x10087ed4       0x68 Generated_Source\PSoC6\pdl\middleware\emWin\libs\GCC\libemWin_nosnts_gcc.a(GUI__Private.o)
                0x10087ed4                GUI__IntersectRects
 .text.GUI__memset16
                0x10087f3c       0x5a Generated_Source\PSoC6\pdl\middleware\emWin\libs\GCC\libemWin_nosnts_gcc.a(GUI__Private.o)
                0x10087f3c                GUI__memset16
 *fill*         0x10087f96        0x2 
 .text.GUI_GetYAdjust
                0x10087f98       0x2c Generated_Source\PSoC6\pdl\middleware\emWin\libs\GCC\libemWin_nosnts_gcc.a(GUI_Char.o)
                0x10087f98                GUI_GetYAdjust
 .text.GUI_GetFontDistY
                0x10087fc4       0x10 Generated_Source\PSoC6\pdl\middleware\emWin\libs\GCC\libemWin_nosnts_gcc.a(GUI_Char.o)
                0x10087fc4                GUI_GetFontDistY
 .text.GUI_GetCharDistX
                0x10087fd4       0x14 Generated_Source\PSoC6\pdl\middleware\emWin\libs\GCC\libemWin_nosnts_gcc.a(GUI_Char.o)
                0x10087fd4                GUI_GetCharDistX
 .text.GUI_GetCharDistXEx
                0x10087fe8       0x14 Generated_Source\PSoC6\pdl\middleware\emWin\libs\GCC\libemWin_nosnts_gcc.a(GUI_Char.o)
                0x10087fe8                GUI_GetCharDistXEx
 .text._Log2VisBuffered
                0x10087ffc        0x2 Generated_Source\PSoC6\pdl\middleware\emWin\libs\GCC\libemWin_nosnts_gcc.a(GUI_CharLine.o)
 *fill*         0x10087ffe        0x2 
 .text._DispLine
                0x10088000       0x9c Generated_Source\PSoC6\pdl\middleware\emWin\libs\GCC\libemWin_nosnts_gcc.a(GUI_CharLine.o)
 .text.GUI__GetLineNumChars
                0x1008809c       0x3c Generated_Source\PSoC6\pdl\middleware\emWin\libs\GCC\libemWin_nosnts_gcc.a(GUI_CharLine.o)
                0x1008809c                GUI__GetLineNumChars
 .text.GUI__GetOverlap
                0x100880d8       0x18 Generated_Source\PSoC6\pdl\middleware\emWin\libs\GCC\libemWin_nosnts_gcc.a(GUI_CharLine.o)
                0x100880d8                GUI__GetOverlap
 .text.GUI__GetLineDistX
                0x100880f0       0x5c Generated_Source\PSoC6\pdl\middleware\emWin\libs\GCC\libemWin_nosnts_gcc.a(GUI_CharLine.o)
                0x100880f0                GUI__GetLineDistX
 .text.GUI__DispLine
                0x1008814c       0x9c Generated_Source\PSoC6\pdl\middleware\emWin\libs\GCC\libemWin_nosnts_gcc.a(GUI_CharLine.o)
                0x1008814c                GUI__DispLine
 .text.GL_FillCircle
                0x100881e8       0xcc Generated_Source\PSoC6\pdl\middleware\emWin\libs\GCC\libemWin_nosnts_gcc.a(GUI_Circ.o)
                0x100881e8                GL_FillCircle
 .text.GUI_SelectLayer
                0x100882b4       0x28 Generated_Source\PSoC6\pdl\middleware\emWin\libs\GCC\libemWin_nosnts_gcc.a(GUI_SelectLayer.o)
                0x100882b4                GUI_SelectLayer
 .text._Unlink  0x100882dc       0x4c Generated_Source\PSoC6\pdl\middleware\emWin\libs\GCC\libemWin_nosnts_gcc.a(GUI_Timer.o)
 .text.GUI_TIMER__GetFirstTimer
                0x10088328       0x2c Generated_Source\PSoC6\pdl\middleware\emWin\libs\GCC\libemWin_nosnts_gcc.a(GUI_Timer.o)
                0x10088328                GUI_TIMER__GetFirstTimer
 .text.GUI_TIMER__GetNextTimerLin
                0x10088354       0x36 Generated_Source\PSoC6\pdl\middleware\emWin\libs\GCC\libemWin_nosnts_gcc.a(GUI_Timer.o)
                0x10088354                GUI_TIMER__GetNextTimerLin
 *fill*         0x1008838a        0x2 
 .text.GUI_TIMER_Delete
                0x1008838c       0x60 Generated_Source\PSoC6\pdl\middleware\emWin\libs\GCC\libemWin_nosnts_gcc.a(GUI_Timer.o)
                0x1008838c                GUI_TIMER_Delete
 .text.GUI_TIMER_GetFlag
                0x100883ec       0x24 Generated_Source\PSoC6\pdl\middleware\emWin\libs\GCC\libemWin_nosnts_gcc.a(GUI_Timer.o)
                0x100883ec                GUI_TIMER_GetFlag
 .text._GetIndexMask_0